<html>
<body>
<pre>
<h1>µVision Build Log</h1>
<h2>Tool Versions:</h2>
IDE-Version: µVision V5.39.0.0
Copyright (C) 2023 ARM Ltd and ARM Germany GmbH. All rights reserved.
License Information: Oviya Seeniraj, UCSB, LIC=----
 
Tool Versions:
Toolchain:       MDK-Lite  Version: 5.39.0.0
Toolchain Path:  C:\Keil_v5\ARM\ARMCLANG\Bin
C Compiler:      ArmClang.exe V6.21
Assembler:       Armasm.exe V6.21
Linker/Locator:  ArmLink.exe V6.21
Library Manager: ArmAr.exe V6.21
Hex Converter:   FromElf.exe V6.21
CPU DLL:         SARMCM3.DLL V5.39.0.0
Dialog DLL:      DCM.DLL V1.17.5.0
Target DLL:      STLink\ST-LINKIII-KEIL_SWO.dll V3.2.0.0
Dialog DLL:      TCM.DLL V1.56.4.0
 
<h2>Project:</h2>
C:\Users\Oviya\Downloads\L6_done\Template_L6\L6B\project.uvprojx
Project File Date:  05/28/2024

<h2>Output:</h2>
*** Using Compiler 'V6.21', folder: 'C:\Keil_v5\ARM\ARMCLANG\Bin'
Build target 'Target 1'
src/LED.c(9): warning: In file included from...
src/LED.h(12): warning: In file included from...
src/stm32l476xx.h(12): warning: invalid UTF-8 in comment [-Winvalid-utf8]
   12 |   *           - Macros to access peripheral<92>s registers hardware
      |                                            ^
1 warning generated.
compiling LED.c...
src/main.c(9): warning: In file included from...
src/stm32l476xx.h(12): warning: invalid UTF-8 in comment [-Winvalid-utf8]
   12 |   *           - Macros to access peripheral<92>s registers hardware
      |                                            ^
1 warning generated.
compiling main.c...
assembling startup_stm32l476xx.s...
src/data.c(10): warning: In file included from...
src/CRC.h(12): warning: In file included from...
src/stm32l476xx.h(12): warning: invalid UTF-8 in comment [-Winvalid-utf8]
   12 |   *           - Macros to access peripheral<92>s registers hardware
      |                                            ^
1 warning generated.
compiling data.c...
src/SysClock.c(9): warning: In file included from...
src/SysClock.h(12): warning: In file included from...
src/stm32l476xx.h(12): warning: invalid UTF-8 in comment [-Winvalid-utf8]
   12 |   *           - Macros to access peripheral<92>s registers hardware
      |                                            ^
1 warning generated.
compiling SysClock.c...
src/CRC.c(9): warning: In file included from...
src/CRC.h(12): warning: In file included from...
src/stm32l476xx.h(12): warning: invalid UTF-8 in comment [-Winvalid-utf8]
   12 |   *           - Macros to access peripheral<92>s registers hardware
      |                                            ^
src/CRC.c(21): warning: unsafe buffer access [-Wunsafe-buffer-usage]
   21 |     CRC->DR = pBuffer[index];
      |               ^~~~~~~
2 warnings generated.
compiling CRC.c...
src/SysTimer.c(9): warning: In file included from...
src/SysTimer.h(12): warning: In file included from...
src/stm32l476xx.h(12): warning: invalid UTF-8 in comment [-Winvalid-utf8]
   12 |   *           - Macros to access peripheral<92>s registers hardware
      |                                            ^
src/SysTimer.c(80): warning: mixing declarations and code is incompatible with standards before C99 [-Wdeclaration-after-statement]
   80 |         uint32_t time = ((SysTick->LOAD - SysTick->VAL) + SysTick->LOAD * step)/10;
      |                  ^
2 warnings generated.
compiling SysTimer.c...
src/UART.c(1): warning: In file included from...
src/UART.h(4): warning: In file included from...
src/stm32l476xx.h(12): warning: invalid UTF-8 in comment [-Winvalid-utf8]
   12 |   *           - Macros to access peripheral<92>s registers hardware
      |                                            ^
src/UART.c(82): warning: comparison of integers of different signs: 'int' and 'uint32_t' (aka 'unsigned int') [-Wsign-compare]
   82 |         for (i = 0; i < nBytes; i++) {
      |                     ~ ^ ~~~~~~
src/UART.c(85): warning: unsafe buffer access [-Wunsafe-buffer-usage]
   85 |                 USARTx->TDR = buffer[i] & 0xFF;
      |                               ^~~~~~
3 warnings generated.
compiling UART.c...
src/UART_printf.c(1): warning: In file included from...
src/UART.h(4): warning: In file included from...
src/stm32l476xx.h(12): warning: invalid UTF-8 in comment [-Winvalid-utf8]
   12 |   *           - Macros to access peripheral<92>s registers hardware
      |                                            ^
src/UART_printf.c(14): warning: unused parameter 'f' [-Wunused-parameter]
   14 | int fputc(int ch, FILE *f) { 
      |                         ^
src/UART_printf.c(23): warning: unused parameter 'f' [-Wunused-parameter]
   23 | int fgetc(FILE *f) {  
      |                 ^
3 warnings generated.
compiling UART_printf.c...
linking...
Program Size: Code=8840 RO-data=3052 RW-data=4 ZI-data=1732  
FromELF: creating hex file...
".\Objects\project.axf" - 0 Error(s), 14 Warning(s).

<h2>Software Packages used:</h2>

Package Vendor: ARM
                http://www.keil.com/pack/ARM.CMSIS.5.9.0.pack
                ARM::CMSIS@5.9.0
                CMSIS (Common Microcontroller Software Interface Standard)
   * Component: CORE Version: 5.6.0

Package Vendor: Keil
                https://www.keil.com/pack/Keil.STM32L4xx_DFP.2.7.0.pack
                Keil::STM32L4xx_DFP@2.7.0
                STMicroelectronics STM32L4 Series Device Support, Drivers and Examples

<h2>Collection of Component include folders:</h2>
  ./RTE/_Target_1
  C:/Users/Oviya/AppData/Local/Arm/Packs/ARM/CMSIS/5.9.0/CMSIS/Core/Include
  C:/Users/Oviya/AppData/Local/Arm/Packs/Keil/STM32L4xx_DFP/2.7.0/Drivers/CMSIS/Device/ST/STM32L4xx/Include

<h2>Collection of Component Files used:</h2>

   * Component: ARM::CMSIS:CORE@5.6.0
Build Time Elapsed:  00:00:01
</pre>
</body>
</html>
