Component: Arm Compiler for Embedded 6.21 Tool: armlink [5ec1fa00]

==============================================================================

Section Cross References

    main.o(.text.main) refers to sysclock.o(.text.System_Clock_Init) for System_Clock_Init
    main.o(.text.main) refers to systimer.o(.text.SysTick_Init) for SysTick_Init
    main.o(.text.main) refers to led.o(.text.LED_Init) for LED_Init
    main.o(.text.main) refers to crc.o(.text.CRC_Init) for CRC_Init
    main.o(.text.main) refers to uart.o(.text.UART2_GPIO_Init) for UART2_GPIO_Init
    main.o(.text.main) refers to uart.o(.text.UART2_Init) for UART2_Init
    main.o(.text.main) refers to uart.o(.text.USART_Init) for USART_Init
    main.o(.text.main) refers to led.o(.text.LED_Toggle) for LED_Toggle
    main.o(.text.main) refers to systimer.o(.text.startTimer) for startTimer
    main.o(.text.main) refers to data.o(.rodata.DataBuffer) for DataBuffer
    main.o(.text.main) refers to crc.o(.text.CRC_CalcBlockCRC) for CRC_CalcBlockCRC
    main.o(.text.main) refers to main.o(.bss.main.ComputedCRC) for main.ComputedCRC
    main.o(.text.main) refers to systimer.o(.text.endTimer) for endTimer
    main.o(.text.main) refers to main.o(.data.uwExpectedCRCValue) for uwExpectedCRCValue
    main.o(.text.main) refers to led.o(.text.LED_Off) for LED_Off
    main.o(.text.main) refers to dflt_clz.o(x$fpl$dfltu) for __aeabi_ui2d
    main.o(.text.main) refers to main.o(.rodata.str1.1) for .L.str
    main.o(.text.main) refers to printf.o(.text) for printf
    main.o(.text.main) refers to systimer.o(.text.delay) for delay
    main.o(.ARM.exidx.text.main) refers to main.o(.text.main) for [Anonymous Symbol]
    startup_stm32l476xx.o(STACK) refers (Special) to heapauxi.o(.text) for __use_two_region_memory
    startup_stm32l476xx.o(HEAP) refers (Special) to heapauxi.o(.text) for __use_two_region_memory
    startup_stm32l476xx.o(RESET) refers (Special) to heapauxi.o(.text) for __use_two_region_memory
    startup_stm32l476xx.o(RESET) refers to startup_stm32l476xx.o(STACK) for __initial_sp
    startup_stm32l476xx.o(RESET) refers to startup_stm32l476xx.o(.text) for Reset_Handler
    startup_stm32l476xx.o(RESET) refers to systimer.o(.text.SysTick_Handler) for SysTick_Handler
    startup_stm32l476xx.o(.text) refers (Special) to heapauxi.o(.text) for __use_two_region_memory
    startup_stm32l476xx.o(.text) refers to __main.o(!!!main) for __main
    startup_stm32l476xx.o(.text) refers to startup_stm32l476xx.o(HEAP) for Heap_Mem
    startup_stm32l476xx.o(.text) refers to startup_stm32l476xx.o(STACK) for Stack_Mem
    led.o(.ARM.exidx.text.LED_Init) refers to led.o(.text.LED_Init) for [Anonymous Symbol]
    led.o(.ARM.exidx.text.LED_On) refers to led.o(.text.LED_On) for [Anonymous Symbol]
    led.o(.ARM.exidx.text.LED_Off) refers to led.o(.text.LED_Off) for [Anonymous Symbol]
    led.o(.ARM.exidx.text.LED_Toggle) refers to led.o(.text.LED_Toggle) for [Anonymous Symbol]
    sysclock.o(.ARM.exidx.text.System_Clock_Init) refers to sysclock.o(.text.System_Clock_Init) for [Anonymous Symbol]
    systimer.o(.text.SysTick_Init) refers to systimer.o(.text.__NVIC_EnableIRQ) for __NVIC_EnableIRQ
    systimer.o(.text.SysTick_Init) refers to systimer.o(.text.__NVIC_SetPriority) for __NVIC_SetPriority
    systimer.o(.ARM.exidx.text.SysTick_Init) refers to systimer.o(.text.SysTick_Init) for [Anonymous Symbol]
    systimer.o(.ARM.exidx.text.__NVIC_EnableIRQ) refers to systimer.o(.text.__NVIC_EnableIRQ) for [Anonymous Symbol]
    systimer.o(.ARM.exidx.text.__NVIC_SetPriority) refers to systimer.o(.text.__NVIC_SetPriority) for [Anonymous Symbol]
    systimer.o(.text.SysTick_Handler) refers to systimer.o(.bss.step) for step
    systimer.o(.ARM.exidx.text.SysTick_Handler) refers to systimer.o(.text.SysTick_Handler) for [Anonymous Symbol]
    systimer.o(.text.delay) refers to systimer.o(.bss.step) for step
    systimer.o(.ARM.exidx.text.delay) refers to systimer.o(.text.delay) for [Anonymous Symbol]
    systimer.o(.text.startTimer) refers to systimer.o(.bss.step) for step
    systimer.o(.ARM.exidx.text.startTimer) refers to systimer.o(.text.startTimer) for [Anonymous Symbol]
    systimer.o(.text.endTimer) refers to systimer.o(.bss.step) for step
    systimer.o(.ARM.exidx.text.endTimer) refers to systimer.o(.text.endTimer) for [Anonymous Symbol]
    crc.o(.ARM.exidx.text.CRC_CalcBlockCRC) refers to crc.o(.text.CRC_CalcBlockCRC) for [Anonymous Symbol]
    crc.o(.ARM.exidx.text.CRC_Init) refers to crc.o(.text.CRC_Init) for [Anonymous Symbol]
    uart.o(.ARM.exidx.text.UART1_Init) refers to uart.o(.text.UART1_Init) for [Anonymous Symbol]
    uart.o(.ARM.exidx.text.UART2_Init) refers to uart.o(.text.UART2_Init) for [Anonymous Symbol]
    uart.o(.ARM.exidx.text.UART1_GPIO_Init) refers to uart.o(.text.UART1_GPIO_Init) for [Anonymous Symbol]
[...]
    ../clib/printf.c                         0x00000000   Number         0  _printf_hex_int.o ABSOLUTE
    ../clib/printf.c                         0x00000000   Number         0  _printf_hex_int_ll.o ABSOLUTE
    ../clib/printf.c                         0x00000000   Number         0  _printf_hex_ptr.o ABSOLUTE
    ../clib/printf.c                         0x00000000   Number         0  _printf_hex_int_ptr.o ABSOLUTE
    ../clib/printf.c                         0x00000000   Number         0  _printf_hex_ll_ptr.o ABSOLUTE
    ../clib/printf.c                         0x00000000   Number         0  _printf_hex_int_ll_ptr.o ABSOLUTE
    ../clib/printf.c                         0x00000000   Number         0  __printf_flags.o ABSOLUTE
    ../clib/printf.c                         0x00000000   Number         0  __printf_ss.o ABSOLUTE
    ../clib/printf.c                         0x00000000   Number         0  __printf_flags_ss.o ABSOLUTE
    ../clib/printf.c                         0x00000000   Number         0  __printf_wp.o ABSOLUTE
    ../clib/printf.c                         0x00000000   Number         0  __printf_flags_wp.o ABSOLUTE
    ../clib/printf.c                         0x00000000   Number         0  __printf_ss_wp.o ABSOLUTE
    ../clib/printf.c                         0x00000000   Number         0  __printf_flags_ss_wp.o ABSOLUTE
    ../clib/printf.c                         0x00000000   Number         0  _printf_intcommon.o ABSOLUTE
    ../clib/printf.c                         0x00000000   Number         0  _printf_fp_dec.o ABSOLUTE
    ../clib/printf.c                         0x00000000   Number         0  _printf_fp_dec_accurate.o ABSOLUTE
    ../clib/printf.c                         0x00000000   Number         0  _printf_fp_hex.o ABSOLUTE
    ../clib/printf.c                         0x00000000   Number         0  _printf_char_common.o ABSOLUTE
    ../clib/printf.c                         0x00000000   Number         0  _printf_char.o ABSOLUTE
    ../clib/printf.c                         0x00000000   Number         0  _printf_wchar.o ABSOLUTE
    ../clib/printf.c                         0x00000000   Number         0  _printf_fp_infnan.o ABSOLUTE
    ../clib/printf.c                         0x00000000   Number         0  __printf_nopercent.o ABSOLUTE
    ../clib/printf_percent.s                 0x00000000   Number         0  _printf_c.o ABSOLUTE
    ../clib/printf_percent.s                 0x00000000   Number         0  _printf_s.o ABSOLUTE
    ../clib/printf_percent.s                 0x00000000   Number         0  _printf_n.o ABSOLUTE
    ../clib/printf_percent.s                 0x00000000   Number         0  _printf_x.o ABSOLUTE
    ../clib/printf_percent.s                 0x00000000   Number         0  _printf_p.o ABSOLUTE
    ../clib/printf_percent.s                 0x00000000   Number         0  _printf_o.o ABSOLUTE
    ../clib/printf_percent.s                 0x00000000   Number         0  _printf_i.o ABSOLUTE
    ../clib/printf_percent.s                 0x00000000   Number         0  _printf_d.o ABSOLUTE
    ../clib/printf_percent.s                 0x00000000   Number         0  _printf_u.o ABSOLUTE
    ../clib/printf_percent.s                 0x00000000   Number         0  _printf_f.o ABSOLUTE
    ../clib/printf_percent.s                 0x00000000   Number         0  _printf_e.o ABSOLUTE
    ../clib/printf_percent.s                 0x00000000   Number         0  _printf_g.o ABSOLUTE
    ../clib/printf_percent.s                 0x00000000   Number         0  _printf_a.o ABSOLUTE
    ../clib/printf_percent.s                 0x00000000   Number         0  _printf_percent.o ABSOLUTE
    ../clib/printf_percent.s                 0x00000000   Number         0  _printf_lli.o ABSOLUTE
    ../clib/printf_percent.s                 0x00000000   Number         0  _printf_lld.o ABSOLUTE
    ../clib/printf_percent.s                 0x00000000   Number         0  _printf_llu.o ABSOLUTE
    ../clib/printf_percent.s                 0x00000000   Number         0  _printf_ll.o ABSOLUTE
    ../clib/printf_percent.s                 0x00000000   Number         0  _printf_l.o ABSOLUTE
    ../clib/printf_percent.s                 0x00000000   Number         0  _printf_lc.o ABSOLUTE
    ../clib/printf_percent.s                 0x00000000   Number         0  _printf_ls.o ABSOLUTE
    ../clib/printf_percent.s                 0x00000000   Number         0  _printf_llo.o ABSOLUTE
    ../clib/printf_percent.s                 0x00000000   Number         0  _printf_llx.o ABSOLUTE
    ../clib/printf_percent.s                 0x00000000   Number         0  _printf_percent_end.o ABSOLUTE
    ../clib/signal.c                         0x00000000   Number         0  defsig_rtmem_outer.o ABSOLUTE
    ../clib/signal.c                         0x00000000   Number         0  defsig_rtmem_formal.o ABSOLUTE
    ../clib/signal.c                         0x00000000   Number         0  defsig_exit.o ABSOLUTE
    ../clib/signal.c                         0x00000000   Number         0  defsig_rtmem_inner.o ABSOLUTE
    ../clib/signal.c                         0x00000000   Number         0  __raise.o ABSOLUTE
    ../clib/signal.c                         0x00000000   Number         0  defsig_general.o ABSOLUTE
    ../clib/signal.c                         0x00000000   Number         0  defsig_abrt_inner.o ABSOLUTE
    ../clib/signal.c                         0x00000000   Number         0  defsig_fpe_inner.o ABSOLUTE
    ../clib/signal.c                         0x00000000   Number         0  defsig_rtred_inner.o ABSOLUTE
    ../clib/signal.c                         0x00000000   Number         0  defsig_stak_inner.o ABSOLUTE
    ../clib/signal.c                         0x00000000   Number         0  defsig_pvfn_inner.o ABSOLUTE
    ../clib/signal.c                         0x00000000   Number         0  defsig_cppl_inner.o ABSOLUTE
    ../clib/signal.c                         0x00000000   Number         0  defsig_segv_inner.o ABSOLUTE
    ../clib/signal.c                         0x00000000   Number         0  defsig_other.o ABSOLUTE
    ../clib/signal.s                         0x00000000   Number         0  defsig.o ABSOLUTE
    ../clib/stdio.c                          0x00000000   Number         0  ferror.o ABSOLUTE
    ../clib/stdio.c                          0x00000000   Number         0  ferror_locked.o ABSOLUTE
    ../clib/stdlib.c                         0x00000000   Number         0  exit.o ABSOLUTE
    ../fplib/dflt.s                          0x00000000   Number         0  dflt_clz.o ABSOLUTE
    ../fplib/fpinit.s                        0x00000000   Number         0  fpinit.o ABSOLUTE
    ../fplib/istatus.s                       0x00000000   Number         0  istatus.o ABSOLUTE
    ../fplib/printf1.s                       0x00000000   Number         0  printf1.o ABSOLUTE
    ../fplib/printf2.s                       0x00000000   Number         0  printf2.o ABSOLUTE
    ../fplib/printf2a.s                      0x00000000   Number         0  printf2a.o ABSOLUTE
    ../fplib/printf2b.s                      0x00000000   Number         0  printf2b.o ABSOLUTE
    ../fplib/usenofp.s                       0x00000000   Number         0  usenofp.o ABSOLUTE
    ../mathlib/fpclassify.c                  0x00000000   Number         0  fpclassify.o ABSOLUTE
    CRC.c                                    0x00000000   Number         0  crc.o ABSOLUTE
    LED.c                                    0x00000000   Number         0  led.o ABSOLUTE
    SysClock.c                               0x00000000   Number         0  sysclock.o ABSOLUTE
    SysTimer.c                               0x00000000   Number         0  systimer.o ABSOLUTE
    UART.c                                   0x00000000   Number         0  uart.o ABSOLUTE
    UART_printf.c                            0x00000000   Number         0  uart_printf.o ABSOLUTE
    data.c                                   0x00000000   Number         0  data.o ABSOLUTE
    dc.s                                     0x00000000   Number         0  dc.o ABSOLUTE
    main.c                                   0x00000000   Number         0  main.o ABSOLUTE
    src/startup_stm32l476xx.s                0x00000000   Number         0  startup_stm32l476xx.o ABSOLUTE
    RESET                                    0x08000000   Section      392  startup_stm32l476xx.o(RESET)
    !!!main                                  0x08000188   Section        8  __main.o(!!!main)
    !!!scatter                               0x08000190   Section       92  __scatter.o(!!!scatter)
    !!handler_copy                           0x080001ec   Section       26  __scatter_copy.o(!!handler_copy)
    !!handler_null                           0x08000208   Section        2  __scatter.o(!!handler_null)
    !!handler_zi                             0x0800020c   Section       28  __scatter_zi.o(!!handler_zi)
    .ARM.Collect$$_printf_percent$$00000000  0x08000228   Section        0  _printf_percent.o(.ARM.Collect$$_printf_percent$$00000000)
    .ARM.Collect$$_printf_percent$$00000001  0x08000228   Section        6  _printf_n.o(.ARM.Collect$$_printf_percent$$00000001)
    .ARM.Collect$$_printf_percent$$00000002  0x0800022e   Section        6  _printf_p.o(.ARM.Collect$$_printf_percent$$00000002)
    .ARM.Collect$$_printf_percent$$00000003  0x08000234   Section        6  _printf_f.o(.ARM.Collect$$_printf_percent$$00000003)
    .ARM.Collect$$_printf_percent$$00000004  0x0800023a   Section        6  _printf_e.o(.ARM.Collect$$_printf_percent$$00000004)
    .ARM.Collect$$_printf_percent$$00000005  0x08000240   Section        6  _printf_g.o(.ARM.Collect$$_printf_percent$$00000005)
    .ARM.Collect$$_printf_percent$$00000006  0x08000246   Section        6  _printf_a.o(.ARM.Collect$$_printf_percent$$00000006)
    .ARM.Collect$$_printf_percent$$00000007  0x0800024c   Section       10  _printf_ll.o(.ARM.Collect$$_printf_percent$$00000007)
    .ARM.Collect$$_printf_percent$$00000008  0x08000256   Section        6  _printf_i.o(.ARM.Collect$$_printf_percent$$00000008)
    .ARM.Collect$$_printf_percent$$00000009  0x0800025c   Section        6  _printf_d.o(.ARM.Collect$$_printf_percent$$00000009)
    .ARM.Collect$$_printf_percent$$0000000A  0x08000262   Section        6  _printf_u.o(.ARM.Collect$$_printf_percent$$0000000A)
    .ARM.Collect$$_printf_percent$$0000000B  0x08000268   Section        6  _printf_o.o(.ARM.Collect$$_printf_percent$$0000000B)
    .ARM.Collect$$_printf_percent$$0000000C  0x0800026e   Section        6  _printf_x.o(.ARM.Collect$$_printf_percent$$0000000C)
    .ARM.Collect$$_printf_percent$$0000000D  0x08000274   Section        6  _printf_lli.o(.ARM.Collect$$_printf_percent$$0000000D)
    .ARM.Collect$$_printf_percent$$0000000E  0x0800027a   Section        6  _printf_lld.o(.ARM.Collect$$_printf_percent$$0000000E)
    .ARM.Collect$$_printf_percent$$0000000F  0x08000280   Section        6  _printf_llu.o(.ARM.Collect$$_printf_percent$$0000000F)
    .ARM.Collect$$_printf_percent$$00000010  0x08000286   Section        6  _printf_llo.o(.ARM.Collect$$_printf_percent$$00000010)
    .ARM.Collect$$_printf_percent$$00000011  0x0800028c   Section        6  _printf_llx.o(.ARM.Collect$$_printf_percent$$00000011)
    .ARM.Collect$$_printf_percent$$00000012  0x08000292   Section       10  _printf_l.o(.ARM.Collect$$_printf_percent$$00000012)
    .ARM.Collect$$_printf_percent$$00000013  0x0800029c   Section        6  _printf_c.o(.ARM.Collect$$_printf_percent$$00000013)
    .ARM.Collect$$_printf_percent$$00000014  0x080002a2   Section        6  _printf_s.o(.ARM.Collect$$_printf_percent$$00000014)
    .ARM.Collect$$_printf_percent$$00000015  0x080002a8   Section        6  _printf_lc.o(.ARM.Collect$$_printf_percent$$00000015)
    .ARM.Collect$$_printf_percent$$00000016  0x080002ae   Section        6  _printf_ls.o(.ARM.Collect$$_printf_percent$$00000016)
    .ARM.Collect$$_printf_percent$$00000017  0x080002b4   Section        4  _printf_percent_end.o(.ARM.Collect$$_printf_percent$$00000017)
    .ARM.Collect$$libinit$$00000000          0x080002b8   Section        2  libinit.o(.ARM.Collect$$libinit$$00000000)
    .ARM.Collect$$libinit$$00000001          0x080002ba   Section        4  libinit2.o(.ARM.Collect$$libinit$$00000001)
    .ARM.Collect$$libinit$$00000004          0x080002be   Section        0  libinit2.o(.ARM.Collect$$libinit$$00000004)
    .ARM.Collect$$libinit$$00000006          0x080002be   Section        0  libinit2.o(.ARM.Collect$$libinit$$00000006)
    .ARM.Collect$$libinit$$0000000C          0x080002be   Section        0  libinit2.o(.ARM.Collect$$libinit$$0000000C)
    .ARM.Collect$$libinit$$0000000E          0x080002be   Section        0  libinit2.o(.ARM.Collect$$libinit$$0000000E)
    .ARM.Collect$$libinit$$00000010          0x080002be   Section        0  libinit2.o(.ARM.Collect$$libinit$$00000010)
    .ARM.Collect$$libinit$$00000011          0x080002be   Section        6  libinit2.o(.ARM.Collect$$libinit$$00000011)
    .ARM.Collect$$libinit$$00000013          0x080002c4   Section        0  libinit2.o(.ARM.Collect$$libinit$$00000013)
    .ARM.Collect$$libinit$$00000014          0x080002c4   Section       12  libinit2.o(.ARM.Collect$$libinit$$00000014)
    .ARM.Collect$$libinit$$00000015          0x080002d0   Section        0  libinit2.o(.ARM.Collect$$libinit$$00000015)
    .ARM.Collect$$libinit$$00000017          0x080002d0   Section        0  libinit2.o(.ARM.Collect$$libinit$$00000017)
    .ARM.Collect$$libinit$$00000018          0x080002d0   Section       10  libinit2.o(.ARM.Collect$$libinit$$00000018)
    .ARM.Collect$$libinit$$00000019          0x080002da   Section        0  libinit2.o(.ARM.Collect$$libinit$$00000019)
    .ARM.Collect$$libinit$$0000001B          0x080002da   Section        0  libinit2.o(.ARM.Collect$$libinit$$0000001B)
    .ARM.Collect$$libinit$$0000001D          0x080002da   Section        0  libinit2.o(.ARM.Collect$$libinit$$0000001D)
    .ARM.Collect$$libinit$$0000001F          0x080002da   Section        0  libinit2.o(.ARM.Collect$$libinit$$0000001F)
    .ARM.Collect$$libinit$$00000021          0x080002da   Section        0  libinit2.o(.ARM.Collect$$libinit$$00000021)
    .ARM.Collect$$libinit$$00000023          0x080002da   Section        0  libinit2.o(.ARM.Collect$$libinit$$00000023)
    .ARM.Collect$$libinit$$00000025          0x080002da   Section        0  libinit2.o(.ARM.Collect$$libinit$$00000025)
    .ARM.Collect$$libinit$$00000027          0x080002da   Section        0  libinit2.o(.ARM.Collect$$libinit$$00000027)
    .ARM.Collect$$libinit$$0000002E          0x080002da   Section        0  libinit2.o(.ARM.Collect$$libinit$$0000002E)
    .ARM.Collect$$libinit$$00000030          0x080002da   Section        0  libinit2.o(.ARM.Collect$$libinit$$00000030)
    .ARM.Collect$$libinit$$00000032          0x080002da   Section        0  libinit2.o(.ARM.Collect$$libinit$$00000032)
    .ARM.Collect$$libinit$$00000034          0x080002da   Section        0  libinit2.o(.ARM.Collect$$libinit$$00000034)
    .ARM.Collect$$libinit$$00000035          0x080002da   Section        2  libinit2.o(.ARM.Collect$$libinit$$00000035)
    .ARM.Collect$$libshutdown$$00000000      0x080002dc   Section        2  libshutdown.o(.ARM.Collect$$libshutdown$$00000000)
    .ARM.Collect$$libshutdown$$00000002      0x080002de   Section        0  libshutdown2.o(.ARM.Collect$$libshutdown$$00000002)
    .ARM.Collect$$libshutdown$$00000004      0x080002de   Section        0  libshutdown2.o(.ARM.Collect$$libshutdown$$00000004)
    .ARM.Collect$$libshutdown$$00000007      0x080002de   Section        0  libshutdown2.o(.ARM.Collect$$libshutdown$$00000007)
    .ARM.Collect$$libshutdown$$0000000A      0x080002de   Section        0  libshutdown2.o(.ARM.Collect$$libshutdown$$0000000A)
    .ARM.Collect$$libshutdown$$0000000C      0x080002de   Section        0  libshutdown2.o(.ARM.Collect$$libshutdown$$0000000C)
    .ARM.Collect$$libshutdown$$0000000F      0x080002de   Section        0  libshutdown2.o(.ARM.Collect$$libshutdown$$0000000F)
    .ARM.Collect$$libshutdown$$00000010      0x080002de   Section        2  libshutdown2.o(.ARM.Collect$$libshutdown$$00000010)
    .ARM.Collect$$rtentry$$00000000          0x080002e0   Section        0  __rtentry.o(.ARM.Collect$$rtentry$$00000000)
    .ARM.Collect$$rtentry$$00000002          0x080002e0   Section        0  __rtentry2.o(.ARM.Collect$$rtentry$$00000002)
    .ARM.Collect$$rtentry$$00000004          0x080002e0   Section        6  __rtentry4.o(.ARM.Collect$$rtentry$$00000004)
    .ARM.Collect$$rtentry$$00000009          0x080002e6   Section        0  __rtentry2.o(.ARM.Collect$$rtentry$$00000009)
    .ARM.Collect$$rtentry$$0000000A          0x080002e6   Section        4  __rtentry2.o(.ARM.Collect$$rtentry$$0000000A)
    .ARM.Collect$$rtentry$$0000000C          0x080002ea   Section        0  __rtentry2.o(.ARM.Collect$$rtentry$$0000000C)
    .ARM.Collect$$rtentry$$0000000D          0x080002ea   Section        8  __rtentry2.o(.ARM.Collect$$rtentry$$0000000D)
    .ARM.Collect$$rtexit$$00000000           0x080002f2   Section        2  rtexit.o(.ARM.Collect$$rtexit$$00000000)
    .ARM.Collect$$rtexit$$00000002           0x080002f4   Section        0  rtexit2.o(.ARM.Collect$$rtexit$$00000002)
    .ARM.Collect$$rtexit$$00000003           0x080002f4   Section        4  rtexit2.o(.ARM.Collect$$rtexit$$00000003)
    .ARM.Collect$$rtexit$$00000004           0x080002f8   Section        6  rtexit2.o(.ARM.Collect$$rtexit$$00000004)
    $v0                                      0x08000300   Number         0  startup_stm32l476xx.o(.text)
    .text                                    0x08000300   Section      140  startup_stm32l476xx.o(.text)
    .text                                    0x0800038c   Section        0  printf.o(.text)
    .text                                    0x080003a4   Section        0  heapauxi.o(.text)
    .text                                    0x080003aa   Section        0  _printf_pad.o(.text)
    .text                                    0x080003f8   Section        0  _printf_truncate.o(.text)
    .text                                    0x0800041c   Section        0  _printf_str.o(.text)
    .text                                    0x08000470   Section        0  _printf_dec.o(.text)
    .text                                    0x080004e8   Section        0  _printf_charcount.o(.text)
    .text                                    0x08000510   Section        0  _printf_char_file.o(.text)
    .text                                    0x08000534   Section        0  _printf_wctomb.o(.text)
    .text                                    0x080005f8   Section        0  _printf_longlong_dec.o(.text)
    _printf_longlong_oct_internal            0x08000675   Thumb Code     0  _printf_oct_int_ll.o(.text)
    .text                                    0x08000674   Section        0  _printf_oct_int_ll.o(.text)
    _printf_hex_common                       0x080006e5   Thumb Code     0  _printf_hex_int_ll_ptr.o(.text)
    .text                                    0x080006e4   Section        0  _printf_hex_int_ll_ptr.o(.text)
    .text                                    0x08000778   Section        0  __printf_flags_ss_wp.o(.text)
    .text                                    0x08000906   Section      138  lludiv10.o(.text)
    .text                                    0x08000990   Section        0  _printf_intcommon.o(.text)
    _fp_digits                               0x08000a43   Thumb Code   432  _printf_fp_dec.o(.text)
    .text                                    0x08000a42   Section        0  _printf_fp_dec.o(.text)
    .text                                    0x08000e64   Section        0  _printf_fp_hex.o(.text)
    _printf_input_char                       0x08001169   Thumb Code    10  _printf_char_common.o(.text)
    .text                                    0x08001168   Section        0  _printf_char_common.o(.text)
    .text                                    0x08001198   Section        0  _printf_char.o(.text)
    .text                                    0x080011c4   Section        0  _printf_wchar.o(.text)
    .text                                    0x080011f0   Section        0  ferror.o(.text)
    .text                                    0x080011f8   Section        0  _c16rtomb.o(.text)
    .text                                    0x08001240   Section       74  sys_stackheap_outer.o(.text)
    .text                                    0x0800128c   Section       16  rt_ctype_table.o(.text)
    .text                                    0x0800129c   Section        8  rt_locale_intlibspace.o(.text)
    .text                                    0x080012a4   Section        0  _printf_fp_infnan.o(.text)
    .text                                    0x08001324   Section        0  bigflt0.o(.text)
    .text                                    0x08001408   Section        0  exit.o(.text)
    .text                                    0x0800141c   Section        8  libspace.o(.text)
    .text                                    0x08001428   Section      124  strcmpv7em.o(.text)
    .text                                    0x080014a4   Section        0  sys_exit.o(.text)
    .text                                    0x080014b0   Section        2  use_no_semi.o(.text)
    .text                                    0x080014b2   Section        0  indicate_semi.o(.text)
    [Anonymous Symbol]                       0x080014b4   Section        0  crc.o(.text.CRC_CalcBlockCRC)
    [Anonymous Symbol]                       0x080014f4   Section        0  crc.o(.text.CRC_Init)
    [Anonymous Symbol]                       0x08001528   Section        0  led.o(.text.LED_Init)
    [Anonymous Symbol]                       0x0800156c   Section        0  led.o(.text.LED_Off)
    [Anonymous Symbol]                       0x0800157c   Section        0  led.o(.text.LED_Toggle)
    [Anonymous Symbol]                       0x0800158c   Section        0  systimer.o(.text.SysTick_Handler)
    [Anonymous Symbol]                       0x0800159c   Section        0  systimer.o(.text.SysTick_Init)
    [Anonymous Symbol]                       0x080015d4   Section        0  sysclock.o(.text.System_Clock_Init)
    [Anonymous Symbol]                       0x080017a8   Section        0  uart.o(.text.UART2_GPIO_Init)
    [Anonymous Symbol]                       0x08001860   Section        0  uart.o(.text.UART2_Init)
    [Anonymous Symbol]                       0x08001884   Section        0  uart.o(.text.USART_Delay)
    [Anonymous Symbol]                       0x080018b8   Section        0  uart.o(.text.USART_Init)
    [Anonymous Symbol]                       0x08001910   Section        0  uart.o(.text.USART_Write)
    __NVIC_EnableIRQ                         0x08001975   Thumb Code    48  systimer.o(.text.__NVIC_EnableIRQ)
    [Anonymous Symbol]                       0x08001974   Section        0  systimer.o(.text.__NVIC_EnableIRQ)
    __NVIC_SetPriority                       0x080019a5   Thumb Code    66  systimer.o(.text.__NVIC_SetPriority)
    [Anonymous Symbol]                       0x080019a4   Section        0  systimer.o(.text.__NVIC_SetPriority)
    [Anonymous Symbol]                       0x080019e8   Section        0  systimer.o(.text.delay)
    [Anonymous Symbol]                       0x08001a4c   Section        0  systimer.o(.text.endTimer)
    [Anonymous Symbol]                       0x08001a9c   Section        0  uart_printf.o(.text.fputc)
    [Anonymous Symbol]                       0x08001ac4   Section        0  main.o(.text.main)
    [Anonymous Symbol]                       0x08001b68   Section        0  systimer.o(.text.startTimer)
    CL$$btod_d2e                             0x08001b9e   Section       62  btod.o(CL$$btod_d2e)
    CL$$btod_d2e_denorm_low                  0x08001bdc   Section       70  btod.o(CL$$btod_d2e_denorm_low)
    CL$$btod_d2e_norm_op1                    0x08001c22   Section       96  btod.o(CL$$btod_d2e_norm_op1)
    CL$$btod_div_common                      0x08001c84   Section      824  btod.o(CL$$btod_div_common)
    CL$$btod_e2e                             0x08001fbc   Section      220  btod.o(CL$$btod_e2e)
    CL$$btod_ediv                            0x08002098   Section       42  btod.o(CL$$btod_ediv)
    CL$$btod_emul                            0x080020c2   Section       42  btod.o(CL$$btod_emul)
    CL$$btod_mult_common                     0x080020ec   Section      580  btod.o(CL$$btod_mult_common)
    i.__ARM_fpclassify                       0x08002330   Section        0  fpclassify.o(i.__ARM_fpclassify)
    i._is_digit                              0x08002360   Section        0  __printf_wp.o(i._is_digit)
    locale$$code                             0x08002370   Section       44  lc_numeric_c.o(locale$$code)
    locale$$code                             0x0800239c   Section       44  lc_ctype_c.o(locale$$code)
    $v0                                      0x080023c8   Number         0  dflt_clz.o(x$fpl$dfltu)
    x$fpl$dfltu                              0x080023c8   Section       38  dflt_clz.o(x$fpl$dfltu)
    $v0                                      0x080023ee   Number         0  fpinit.o(x$fpl$fpinit)
    x$fpl$fpinit                             0x080023ee   Section       26  fpinit.o(x$fpl$fpinit)
    $v0                                      0x08002408   Number         0  printf1.o(x$fpl$printf1)
    x$fpl$printf1                            0x08002408   Section        4  printf1.o(x$fpl$printf1)
    $v0                                      0x0800240c   Number         0  printf2.o(x$fpl$printf2)
    x$fpl$printf2                            0x0800240c   Section        4  printf2.o(x$fpl$printf2)
    initial_mbstate                          0x08002410   Data           8  _printf_wctomb.o(.constdata)
    .constdata                               0x08002410   Section        8  _printf_wctomb.o(.constdata)
    x$fpl$usenofp                            0x08002410   Section        0  usenofp.o(x$fpl$usenofp)
    uc_hextab                                0x08002418   Data          20  _printf_hex_int_ll_ptr.o(.constdata)
    .constdata                               0x08002418   Section       40  _printf_hex_int_ll_ptr.o(.constdata)
    lc_hextab                                0x0800242c   Data          20  _printf_hex_int_ll_ptr.o(.constdata)
    maptable                                 0x08002440   Data          17  __printf_flags_ss_wp.o(.constdata)
    .constdata                               0x08002440   Section       17  __printf_flags_ss_wp.o(.constdata)
    lc_hextab                                0x08002451   Data          19  _printf_fp_hex.o(.constdata)
    .constdata                               0x08002451   Section       38  _printf_fp_hex.o(.constdata)
    uc_hextab                                0x08002464   Data          19  _printf_fp_hex.o(.constdata)
    tenpwrs_x                                0x08002478   Data          60  bigflt0.o(.constdata)
    .constdata                               0x08002478   Section      148  bigflt0.o(.constdata)
    tenpwrs_i                                0x080024b4   Data          64  bigflt0.o(.constdata)
    .L.str                                   0x08002d0c   Data          27  main.o(.rodata.str1.1)
    [Anonymous Symbol]                       0x08002d0c   Section        0  main.o(.rodata.str1.1)
    locale$$data                             0x08002d48   Section       28  lc_numeric_c.o(locale$$data)
    __lcnum_c_name                           0x08002d4c   Data           2  lc_numeric_c.o(locale$$data)
    __lcnum_c_start                          0x08002d54   Data           0  lc_numeric_c.o(locale$$data)
    __lcnum_c_point                          0x08002d60   Data           0  lc_numeric_c.o(locale$$data)
    __lcnum_c_thousands                      0x08002d62   Data           0  lc_numeric_c.o(locale$$data)
    __lcnum_c_grouping                       0x08002d63   Data           0  lc_numeric_c.o(locale$$data)
    __lcnum_c_end                            0x08002d64   Data           0  lc_numeric_c.o(locale$$data)
    locale$$data                             0x08002d64   Section      272  lc_ctype_c.o(locale$$data)
    __lcctype_c_name                         0x08002d68   Data           2  lc_ctype_c.o(locale$$data)
    __lcctype_c_start                        0x08002d70   Data           0  lc_ctype_c.o(locale$$data)
    __lcctype_c_end                          0x08002e74   Data           0  lc_ctype_c.o(locale$$data)
    uwExpectedCRCValue                       0x20000000   Data           4  main.o(.data.uwExpectedCRCValue)
    [Anonymous Symbol]                       0x20000000   Section        0  main.o(.data.uwExpectedCRCValue)
    .bss                                     0x20000008   Section       96  libspace.o(.bss)
    main.ComputedCRC                         0x200000bc   Data           4  main.o(.bss.main.ComputedCRC)
    [Anonymous Symbol]                       0x200000bc   Section        0  main.o(.bss.main.ComputedCRC)
    step                                     0x200000c0   Data           4  systimer.o(.bss.step)
    [Anonymous Symbol]                       0x200000c0   Section        0  systimer.o(.bss.step)
    Heap_Mem                                 0x200000c8   Data         512  startup_stm32l476xx.o(HEAP)
    HEAP                                     0x200000c8   Section      512  startup_stm32l476xx.o(HEAP)
    Stack_Mem                                0x200002c8   Data        1024  startup_stm32l476xx.o(STACK)
    STACK                                    0x200002c8   Section     1024  startup_stm32l476xx.o(STACK)
    __initial_sp                             0x200006c8   Data           0  startup_stm32l476xx.o(STACK)

    Global Symbols

    Symbol Name                              Value     Ov Type        Size  Object(Section)

    BuildAttributes$$THM_ISAv4$E$P$D$K$B$S$7EM$VFPi3$EXTD16$VFPS$VFMA$PE$A:L22UL41UL21$X:L11$S22US41US21$IEEE1$IW$~IW$USESV6$~STKCKD$USESV7$~SHL$OTIME$ROPI$IEEEJ$EBA8$UX$STANDARDLIB$REQ8$PRES8$EABIv2 0x00000000   Number         0  anon$$obj.o ABSOLUTE
    Image$$ER_IROM1$$RW$$Length              0x00000000   Number         0  anon$$obj.o ABSOLUTE
    Image$$ER_IROM1$$ZI$$Length              0x00000000   Number         0  anon$$obj.o ABSOLUTE
    Image$$RW_IRAM1$$RO$$Length              0x00000000   Number         0  anon$$obj.o ABSOLUTE
    _printf_flags                            0x00000000   Number         0  printf_stubs.o ABSOLUTE
    _printf_return_value                     0x00000000   Number         0  printf_stubs.o ABSOLUTE
    _printf_sizespec                         0x00000000   Number         0  printf_stubs.o ABSOLUTE
    _printf_widthprec                        0x00000000   Number         0  printf_stubs.o ABSOLUTE
    __ARM_exceptions_init                     - Undefined Weak Reference
    __alloca_initialize                       - Undefined Weak Reference
    __arm_preinit_                            - Undefined Weak Reference
    __arm_relocate_pie_                       - Undefined Weak Reference
    __cpp_initialize__aeabi_                  - Undefined Weak Reference
    __cxa_finalize                            - Undefined Weak Reference
    __sigvec_lookup                           - Undefined Weak Reference
    _atexit_init                              - Undefined Weak Reference
    _call_atexit_fns                          - Undefined Weak Reference
    _clock_init                               - Undefined Weak Reference
    _fp_trap_init                             - Undefined Weak Reference
    _fp_trap_shutdown                         - Undefined Weak Reference
    _get_lc_collate                           - Undefined Weak Reference
    _get_lc_monetary                          - Undefined Weak Reference
    _get_lc_time                              - Undefined Weak Reference
    _getenv_init                              - Undefined Weak Reference
    _handle_redirection                       - Undefined Weak Reference
    _init_alloc                               - Undefined Weak Reference
    _init_user_alloc                          - Undefined Weak Reference
    _initio                                   - Undefined Weak Reference
    _mutex_acquire                            - Undefined Weak Reference
    _mutex_release                            - Undefined Weak Reference
    _printf_mbtowc                            - Undefined Weak Reference
    _printf_wc                                - Undefined Weak Reference
    _rand_init                                - Undefined Weak Reference
    _signal_finish                            - Undefined Weak Reference
    _signal_init                              - Undefined Weak Reference
    _terminate_alloc                          - Undefined Weak Reference
    _terminate_user_alloc                     - Undefined Weak Reference
    _terminateio                              - Undefined Weak Reference
    Image$$RW_IRAM1$$Length                  0x00000008   Number         0  anon$$obj.o ABSOLUTE
    Image$$RW_IRAM1$$RW$$Length              0x00000008   Number         0  anon$$obj.o ABSOLUTE
    __Vectors_Size                           0x00000188   Number         0  startup_stm32l476xx.o ABSOLUTE
    Image$$RW_IRAM1$$ZI$$Length              0x000006c0   Number         0  anon$$obj.o ABSOLUTE
    Image$$ER_IROM1$$RO$$Length              0x00002e74   Number         0  anon$$obj.o ABSOLUTE
    Image$$ER_IROM1$$RO$$Base                0x08000000   Number         0  anon$$obj.o ABSOLUTE
    Load$$ER_IROM1$$Base                     0x08000000   Number         0  anon$$obj.o ABSOLUTE
    __Vectors                                0x08000000   Data           4  startup_stm32l476xx.o(RESET)
    __Vectors_End                            0x08000188   Data           0  startup_stm32l476xx.o(RESET)
    __main                                   0x08000189   Thumb Code     8  __main.o(!!!main)
    __scatterload                            0x08000191   Thumb Code     0  __scatter.o(!!!scatter)
    __scatterload_rt2                        0x08000191   Thumb Code    84  __scatter.o(!!!scatter)
    __scatterload_rt2_thumb_only             0x08000191   Thumb Code     0  __scatter.o(!!!scatter)
    __scatterload_loop                       0x0800019b   Thumb Code     0  __scatter.o(!!!scatter)
    __scatterload_copy                       0x080001ed   Thumb Code    26  __scatter_copy.o(!!handler_copy)
    __scatterload_null                       0x08000209   Thumb Code     2  __scatter.o(!!handler_null)
    __scatterload_zeroinit                   0x0800020d   Thumb Code    28  __scatter_zi.o(!!handler_zi)
    _printf_n                                0x08000229   Thumb Code     0  _printf_n.o(.ARM.Collect$$_printf_percent$$00000001)
    _printf_percent                          0x08000229   Thumb Code     0  _printf_percent.o(.ARM.Collect$$_printf_percent$$00000000)
    _printf_p                                0x0800022f   Thumb Code     0  _printf_p.o(.ARM.Collect$$_printf_percent$$00000002)
    _printf_f                                0x08000235   Thumb Code     0  _printf_f.o(.ARM.Collect$$_printf_percent$$00000003)
    _printf_e                                0x0800023b   Thumb Code     0  _printf_e.o(.ARM.Collect$$_printf_percent$$00000004)
    _printf_g                                0x08000241   Thumb Code     0  _printf_g.o(.ARM.Collect$$_printf_percent$$00000005)
    _printf_a                                0x08000247   Thumb Code     0  _printf_a.o(.ARM.Collect$$_printf_percent$$00000006)
    _printf_ll                               0x0800024d   Thumb Code     0  _printf_ll.o(.ARM.Collect$$_printf_percent$$00000007)
    _printf_i                                0x08000257   Thumb Code     0  _printf_i.o(.ARM.Collect$$_printf_percent$$00000008)
    _printf_d                                0x0800025d   Thumb Code     0  _printf_d.o(.ARM.Collect$$_printf_percent$$00000009)
    _printf_u                                0x08000263   Thumb Code     0  _printf_u.o(.ARM.Collect$$_printf_percent$$0000000A)
    _printf_o                                0x08000269   Thumb Code     0  _printf_o.o(.ARM.Collect$$_printf_percent$$0000000B)
    _printf_x                                0x0800026f   Thumb Code     0  _printf_x.o(.ARM.Collect$$_printf_percent$$0000000C)
    _printf_lli                              0x08000275   Thumb Code     0  _printf_lli.o(.ARM.Collect$$_printf_percent$$0000000D)
    _printf_lld                              0x0800027b   Thumb Code     0  _printf_lld.o(.ARM.Collect$$_printf_percent$$0000000E)
    _printf_llu                              0x08000281   Thumb Code     0  _printf_llu.o(.ARM.Collect$$_printf_percent$$0000000F)
    _printf_llo                              0x08000287   Thumb Code     0  _printf_llo.o(.ARM.Collect$$_printf_percent$$00000010)
    _printf_llx                              0x0800028d   Thumb Code     0  _printf_llx.o(.ARM.Collect$$_printf_percent$$00000011)
    _printf_l                                0x08000293   Thumb Code     0  _printf_l.o(.ARM.Collect$$_printf_percent$$00000012)
    _printf_c                                0x0800029d   Thumb Code     0  _printf_c.o(.ARM.Collect$$_printf_percent$$00000013)
    _printf_s                                0x080002a3   Thumb Code     0  _printf_s.o(.ARM.Collect$$_printf_percent$$00000014)
    _printf_lc                               0x080002a9   Thumb Code     0  _printf_lc.o(.ARM.Collect$$_printf_percent$$00000015)
    _printf_ls                               0x080002af   Thumb Code     0  _printf_ls.o(.ARM.Collect$$_printf_percent$$00000016)
    _printf_percent_end                      0x080002b5   Thumb Code     0  _printf_percent_end.o(.ARM.Collect$$_printf_percent$$00000017)
    __rt_lib_init                            0x080002b9   Thumb Code     0  libinit.o(.ARM.Collect$$libinit$$00000000)
    __rt_lib_init_fp_1                       0x080002bb   Thumb Code     0  libinit2.o(.ARM.Collect$$libinit$$00000001)
    __rt_lib_init_heap_1                     0x080002bf   Thumb Code     0  libinit2.o(.ARM.Collect$$libinit$$0000000C)
    __rt_lib_init_lc_common                  0x080002bf   Thumb Code     0  libinit2.o(.ARM.Collect$$libinit$$00000011)
    __rt_lib_init_preinit_1                  0x080002bf   Thumb Code     0  libinit2.o(.ARM.Collect$$libinit$$00000006)
    __rt_lib_init_rand_1                     0x080002bf   Thumb Code     0  libinit2.o(.ARM.Collect$$libinit$$00000010)
    __rt_lib_init_relocate_pie_1             0x080002bf   Thumb Code     0  libinit2.o(.ARM.Collect$$libinit$$00000004)
    __rt_lib_init_user_alloc_1               0x080002bf   Thumb Code     0  libinit2.o(.ARM.Collect$$libinit$$0000000E)
    __rt_lib_init_lc_collate_1               0x080002c5   Thumb Code     0  libinit2.o(.ARM.Collect$$libinit$$00000013)
    __rt_lib_init_lc_ctype_2                 0x080002c5   Thumb Code     0  libinit2.o(.ARM.Collect$$libinit$$00000014)
    __rt_lib_init_lc_ctype_1                 0x080002d1   Thumb Code     0  libinit2.o(.ARM.Collect$$libinit$$00000015)
    __rt_lib_init_lc_monetary_1              0x080002d1   Thumb Code     0  libinit2.o(.ARM.Collect$$libinit$$00000017)
    __rt_lib_init_lc_numeric_2               0x080002d1   Thumb Code     0  libinit2.o(.ARM.Collect$$libinit$$00000018)
    __rt_lib_init_alloca_1                   0x080002db   Thumb Code     0  libinit2.o(.ARM.Collect$$libinit$$00000030)
    __rt_lib_init_argv_1                     0x080002db   Thumb Code     0  libinit2.o(.ARM.Collect$$libinit$$0000002E)
    __rt_lib_init_atexit_1                   0x080002db   Thumb Code     0  libinit2.o(.ARM.Collect$$libinit$$0000001D)
    __rt_lib_init_clock_1                    0x080002db   Thumb Code     0  libinit2.o(.ARM.Collect$$libinit$$00000023)
    __rt_lib_init_cpp_1                      0x080002db   Thumb Code     0  libinit2.o(.ARM.Collect$$libinit$$00000034)
    __rt_lib_init_exceptions_1               0x080002db   Thumb Code     0  libinit2.o(.ARM.Collect$$libinit$$00000032)
    __rt_lib_init_fp_trap_1                  0x080002db   Thumb Code     0  libinit2.o(.ARM.Collect$$libinit$$00000021)
    __rt_lib_init_getenv_1                   0x080002db   Thumb Code     0  libinit2.o(.ARM.Collect$$libinit$$00000025)
    __rt_lib_init_lc_numeric_1               0x080002db   Thumb Code     0  libinit2.o(.ARM.Collect$$libinit$$00000019)
    __rt_lib_init_lc_time_1                  0x080002db   Thumb Code     0  libinit2.o(.ARM.Collect$$libinit$$0000001B)
    __rt_lib_init_return                     0x080002db   Thumb Code     0  libinit2.o(.ARM.Collect$$libinit$$00000035)
    __rt_lib_init_signal_1                   0x080002db   Thumb Code     0  libinit2.o(.ARM.Collect$$libinit$$0000001F)
    __rt_lib_init_stdio_1                    0x080002db   Thumb Code     0  libinit2.o(.ARM.Collect$$libinit$$00000027)
    __rt_lib_shutdown                        0x080002dd   Thumb Code     0  libshutdown.o(.ARM.Collect$$libshutdown$$00000000)
    __rt_lib_shutdown_cpp_1                  0x080002df   Thumb Code     0  libshutdown2.o(.ARM.Collect$$libshutdown$$00000002)
    __rt_lib_shutdown_fp_trap_1              0x080002df   Thumb Code     0  libshutdown2.o(.ARM.Collect$$libshutdown$$00000007)
    __rt_lib_shutdown_heap_1                 0x080002df   Thumb Code     0  libshutdown2.o(.ARM.Collect$$libshutdown$$0000000F)
    __rt_lib_shutdown_return                 0x080002df   Thumb Code     0  libshutdown2.o(.ARM.Collect$$libshutdown$$00000010)
    __rt_lib_shutdown_signal_1               0x080002df   Thumb Code     0  libshutdown2.o(.ARM.Collect$$libshutdown$$0000000A)
    __rt_lib_shutdown_stdio_1                0x080002df   Thumb Code     0  libshutdown2.o(.ARM.Collect$$libshutdown$$00000004)
    __rt_lib_shutdown_user_alloc_1           0x080002df   Thumb Code     0  libshutdown2.o(.ARM.Collect$$libshutdown$$0000000C)
    __rt_entry                               0x080002e1   Thumb Code     0  __rtentry.o(.ARM.Collect$$rtentry$$00000000)
    __rt_entry_presh_1                       0x080002e1   Thumb Code     0  __rtentry2.o(.ARM.Collect$$rtentry$$00000002)
    __rt_entry_sh                            0x080002e1   Thumb Code     0  __rtentry4.o(.ARM.Collect$$rtentry$$00000004)
    __rt_entry_li                            0x080002e7   Thumb Code     0  __rtentry2.o(.ARM.Collect$$rtentry$$0000000A)
    __rt_entry_postsh_1                      0x080002e7   Thumb Code     0  __rtentry2.o(.ARM.Collect$$rtentry$$00000009)
    __rt_entry_main                          0x080002eb   Thumb Code     0  __rtentry2.o(.ARM.Collect$$rtentry$$0000000D)
    __rt_entry_postli_1                      0x080002eb   Thumb Code     0  __rtentry2.o(.ARM.Collect$$rtentry$$0000000C)
    __rt_exit                                0x080002f3   Thumb Code     0  rtexit.o(.ARM.Collect$$rtexit$$00000000)
    __rt_exit_ls                             0x080002f5   Thumb Code     0  rtexit2.o(.ARM.Collect$$rtexit$$00000003)
    __rt_exit_prels_1                        0x080002f5   Thumb Code     0  rtexit2.o(.ARM.Collect$$rtexit$$00000002)
    __rt_exit_exit                           0x080002f9   Thumb Code     0  rtexit2.o(.ARM.Collect$$rtexit$$00000004)
    Reset_Handler                            0x08000301   Thumb Code    62  startup_stm32l476xx.o(.text)
    NMI_Handler                              0x0800033f   Thumb Code     2  startup_stm32l476xx.o(.text)
    HardFault_Handler                        0x08000341   Thumb Code     2  startup_stm32l476xx.o(.text)
    MemManage_Handler                        0x08000343   Thumb Code     2  startup_stm32l476xx.o(.text)
    BusFault_Handler                         0x08000345   Thumb Code     2  startup_stm32l476xx.o(.text)
    UsageFault_Handler                       0x08000347   Thumb Code     2  startup_stm32l476xx.o(.text)
    SVC_Handler                              0x08000349   Thumb Code     2  startup_stm32l476xx.o(.text)
    DebugMon_Handler                         0x0800034b   Thumb Code     2  startup_stm32l476xx.o(.text)
    PendSV_Handler                           0x0800034d   Thumb Code     2  startup_stm32l476xx.o(.text)
    ADC1_2_IRQHandler                        0x08000351   Thumb Code     0  startup_stm32l476xx.o(.text)
    ADC3_IRQHandler                          0x08000351   Thumb Code     0  startup_stm32l476xx.o(.text)
    CAN1_RX0_IRQHandler                      0x08000351   Thumb Code     0  startup_stm32l476xx.o(.text)
    CAN1_RX1_IRQHandler                      0x08000351   Thumb Code     0  startup_stm32l476xx.o(.text)
    CAN1_SCE_IRQHandler                      0x08000351   Thumb Code     0  startup_stm32l476xx.o(.text)
    CAN1_TX_IRQHandler                       0x08000351   Thumb Code     0  startup_stm32l476xx.o(.text)
    COMP_IRQHandler                          0x08000351   Thumb Code     0  startup_stm32l476xx.o(.text)
    DFSDM0_IRQHandler                        0x08000351   Thumb Code     0  startup_stm32l476xx.o(.text)
    DFSDM1_IRQHandler                        0x08000351   Thumb Code     0  startup_stm32l476xx.o(.text)
    DFSDM2_IRQHandler                        0x08000351   Thumb Code     0  startup_stm32l476xx.o(.text)
    DFSDM3_IRQHandler                        0x08000351   Thumb Code     0  startup_stm32l476xx.o(.text)
    DMA1_Channel1_IRQHandler                 0x08000351   Thumb Code     0  startup_stm32l476xx.o(.text)
    DMA1_Channel2_IRQHandler                 0x08000351   Thumb Code     0  startup_stm32l476xx.o(.text)
    DMA1_Channel3_IRQHandler                 0x08000351   Thumb Code     0  startup_stm32l476xx.o(.text)
    DMA1_Channel4_IRQHandler                 0x08000351   Thumb Code     0  startup_stm32l476xx.o(.text)
    DMA1_Channel5_IRQHandler                 0x08000351   Thumb Code     0  startup_stm32l476xx.o(.text)
    DMA1_Channel6_IRQHandler                 0x08000351   Thumb Code     0  startup_stm32l476xx.o(.text)
    DMA1_Channel7_IRQHandler                 0x08000351   Thumb Code     0  startup_stm32l476xx.o(.text)
    DMA2_Channel1_IRQHandler                 0x08000351   Thumb Code     0  startup_stm32l476xx.o(.text)
    DMA2_Channel2_IRQHandler                 0x08000351   Thumb Code     0  startup_stm32l476xx.o(.text)
    DMA2_Channel3_IRQHandler                 0x08000351   Thumb Code     0  startup_stm32l476xx.o(.text)
    DMA2_Channel4_IRQHandler                 0x08000351   Thumb Code     0  startup_stm32l476xx.o(.text)
    DMA2_Channel5_IRQHandler                 0x08000351   Thumb Code     0  startup_stm32l476xx.o(.text)
    DMA2_Channel6_IRQHandler                 0x08000351   Thumb Code     0  startup_stm32l476xx.o(.text)
    DMA2_Channel7_IRQHandler                 0x08000351   Thumb Code     0  startup_stm32l476xx.o(.text)
    EXTI0_IRQHandler                         0x08000351   Thumb Code     0  startup_stm32l476xx.o(.text)
    EXTI15_10_IRQHandler                     0x08000351   Thumb Code     0  startup_stm32l476xx.o(.text)
    EXTI1_IRQHandler                         0x08000351   Thumb Code     0  startup_stm32l476xx.o(.text)
    EXTI2_IRQHandler                         0x08000351   Thumb Code     0  startup_stm32l476xx.o(.text)
    EXTI3_IRQHandler                         0x08000351   Thumb Code     0  startup_stm32l476xx.o(.text)
    EXTI4_IRQHandler                         0x08000351   Thumb Code     0  startup_stm32l476xx.o(.text)
    EXTI9_5_IRQHandler                       0x08000351   Thumb Code     0  startup_stm32l476xx.o(.text)
    FLASH_IRQHandler                         0x08000351   Thumb Code     0  startup_stm32l476xx.o(.text)
    FMC_IRQHandler                           0x08000351   Thumb Code     0  startup_stm32l476xx.o(.text)
    FPU_IRQHandler                           0x08000351   Thumb Code     0  startup_stm32l476xx.o(.text)
    I2C1_ER_IRQHandler                       0x08000351   Thumb Code     0  startup_stm32l476xx.o(.text)
    I2C1_EV_IRQHandler                       0x08000351   Thumb Code     0  startup_stm32l476xx.o(.text)
    I2C2_ER_IRQHandler                       0x08000351   Thumb Code     0  startup_stm32l476xx.o(.text)
    I2C2_EV_IRQHandler                       0x08000351   Thumb Code     0  startup_stm32l476xx.o(.text)
    I2C3_ER_IRQHandler                       0x08000351   Thumb Code     0  startup_stm32l476xx.o(.text)
    I2C3_EV_IRQHandler                       0x08000351   Thumb Code     0  startup_stm32l476xx.o(.text)
    LCD_IRQHandler                           0x08000351   Thumb Code     0  startup_stm32l476xx.o(.text)
    LPTIM1_IRQHandler                        0x08000351   Thumb Code     0  startup_stm32l476xx.o(.text)
    LPTIM2_IRQHandler                        0x08000351   Thumb Code     0  startup_stm32l476xx.o(.text)
    LPUART1_IRQHandler                       0x08000351   Thumb Code     0  startup_stm32l476xx.o(.text)
    OTG_FS_IRQHandler                        0x08000351   Thumb Code     0  startup_stm32l476xx.o(.text)
    PVD_PVM_IRQHandler                       0x08000351   Thumb Code     0  startup_stm32l476xx.o(.text)
    QUADSPI_IRQHandler                       0x08000351   Thumb Code     0  startup_stm32l476xx.o(.text)
    RCC_IRQHandler                           0x08000351   Thumb Code     0  startup_stm32l476xx.o(.text)
    RNG_IRQHandler                           0x08000351   Thumb Code     0  startup_stm32l476xx.o(.text)
    RTC_Alarm_IRQHandler                     0x08000351   Thumb Code     0  startup_stm32l476xx.o(.text)
    RTC_WKUP_IRQHandler                      0x08000351   Thumb Code     0  startup_stm32l476xx.o(.text)
    SAI1_IRQHandler                          0x08000351   Thumb Code     0  startup_stm32l476xx.o(.text)
    SAI2_IRQHandler                          0x08000351   Thumb Code     0  startup_stm32l476xx.o(.text)
    SDMMC1_IRQHandler                        0x08000351   Thumb Code     0  startup_stm32l476xx.o(.text)
    SPI1_IRQHandler                          0x08000351   Thumb Code     0  startup_stm32l476xx.o(.text)
    SPI2_IRQHandler                          0x08000351   Thumb Code     0  startup_stm32l476xx.o(.text)
    SPI3_IRQHandler                          0x08000351   Thumb Code     0  startup_stm32l476xx.o(.text)
    SWPMI1_IRQHandler                        0x08000351   Thumb Code     0  startup_stm32l476xx.o(.text)
    TAMP_STAMP_IRQHandler                    0x08000351   Thumb Code     0  startup_stm32l476xx.o(.text)
    TIM1_BRK_TIM15_IRQHandler                0x08000351   Thumb Code     0  startup_stm32l476xx.o(.text)
    TIM1_CC_IRQHandler                       0x08000351   Thumb Code     0  startup_stm32l476xx.o(.text)
    TIM1_TRG_COM_TIM17_IRQHandler            0x08000351   Thumb Code     0  startup_stm32l476xx.o(.text)
    TIM1_UP_TIM16_IRQHandler                 0x08000351   Thumb Code     0  startup_stm32l476xx.o(.text)
    TIM2_IRQHandler                          0x08000351   Thumb Code     0  startup_stm32l476xx.o(.text)
    TIM3_IRQHandler                          0x08000351   Thumb Code     0  startup_stm32l476xx.o(.text)
    TIM4_IRQHandler                          0x08000351   Thumb Code     0  startup_stm32l476xx.o(.text)
    TIM5_IRQHandler                          0x08000351   Thumb Code     0  startup_stm32l476xx.o(.text)
    TIM6_DAC_IRQHandler                      0x08000351   Thumb Code     0  startup_stm32l476xx.o(.text)
    TIM7_IRQHandler                          0x08000351   Thumb Code     0  startup_stm32l476xx.o(.text)
    TIM8_BRK_IRQHandler                      0x08000351   Thumb Code     0  startup_stm32l476xx.o(.text)
    TIM8_CC_IRQHandler                       0x08000351   Thumb Code     0  startup_stm32l476xx.o(.text)
    TIM8_TRG_COM_IRQHandler                  0x08000351   Thumb Code     0  startup_stm32l476xx.o(.text)
    TIM8_UP_IRQHandler                       0x08000351   Thumb Code     0  startup_stm32l476xx.o(.text)
    TSC_IRQHandler                           0x08000351   Thumb Code     0  startup_stm32l476xx.o(.text)
    UART4_IRQHandler                         0x08000351   Thumb Code     0  startup_stm32l476xx.o(.text)
    UART5_IRQHandler                         0x08000351   Thumb Code     0  startup_stm32l476xx.o(.text)
    USART1_IRQHandler                        0x08000351   Thumb Code     0  startup_stm32l476xx.o(.text)
    USART2_IRQHandler                        0x08000351   Thumb Code     0  startup_stm32l476xx.o(.text)
    USART3_IRQHandler                        0x08000351   Thumb Code     0  startup_stm32l476xx.o(.text)
    WWDG_IRQHandler                          0x08000351   Thumb Code     0  startup_stm32l476xx.o(.text)
    __user_initial_stackheap                 0x08000355   Thumb Code     0  startup_stm32l476xx.o(.text)
    printf                                   0x0800038d   Thumb Code    20  printf.o(.text)
    __use_two_region_memory                  0x080003a5   Thumb Code     2  heapauxi.o(.text)
    __rt_heap_escrow$2region                 0x080003a7   Thumb Code     2  heapauxi.o(.text)
    __rt_heap_expand$2region                 0x080003a9   Thumb Code     2  heapauxi.o(.text)
    _printf_pre_padding                      0x080003ab   Thumb Code    44  _printf_pad.o(.text)
    _printf_post_padding                     0x080003d7   Thumb Code    34  _printf_pad.o(.text)
    _printf_truncate_signed                  0x080003f9   Thumb Code    18  _printf_truncate.o(.text)
    _printf_truncate_unsigned                0x0800040b   Thumb Code    18  _printf_truncate.o(.text)
    _printf_str                              0x0800041d   Thumb Code    82  _printf_str.o(.text)
    _printf_int_dec                          0x08000471   Thumb Code   104  _printf_dec.o(.text)
    _printf_charcount                        0x080004e9   Thumb Code    40  _printf_charcount.o(.text)
    _printf_char_file                        0x08000511   Thumb Code    32  _printf_char_file.o(.text)
    _printf_wctomb                           0x08000535   Thumb Code   182  _printf_wctomb.o(.text)
    _printf_longlong_dec                     0x080005f9   Thumb Code   108  _printf_longlong_dec.o(.text)
    _printf_longlong_oct                     0x08000675   Thumb Code    68  _printf_oct_int_ll.o(.text)
    _printf_int_oct                          0x080006b9   Thumb Code    24  _printf_oct_int_ll.o(.text)
    _printf_ll_oct                           0x080006d1   Thumb Code    12  _printf_oct_int_ll.o(.text)
    _printf_longlong_hex                     0x080006e5   Thumb Code    86  _printf_hex_int_ll_ptr.o(.text)
    _printf_int_hex                          0x0800073b   Thumb Code    28  _printf_hex_int_ll_ptr.o(.text)
    _printf_ll_hex                           0x08000757   Thumb Code    12  _printf_hex_int_ll_ptr.o(.text)
    _printf_hex_ptr                          0x08000763   Thumb Code    18  _printf_hex_int_ll_ptr.o(.text)
    __printf                                 0x08000779   Thumb Code   388  __printf_flags_ss_wp.o(.text)
    _ll_udiv10                               0x08000907   Thumb Code   138  lludiv10.o(.text)
    _printf_int_common                       0x08000991   Thumb Code   178  _printf_intcommon.o(.text)
    _printf_fp_dec_real                      0x08000bf3   Thumb Code   620  _printf_fp_dec.o(.text)
    _printf_fp_hex_real                      0x08000e65   Thumb Code   756  _printf_fp_hex.o(.text)
    _printf_char_common                      0x08001173   Thumb Code    32  _printf_char_common.o(.text)
    _printf_cs_common                        0x08001199   Thumb Code    20  _printf_char.o(.text)
    _printf_char                             0x080011ad   Thumb Code    16  _printf_char.o(.text)
    _printf_string                           0x080011bd   Thumb Code     8  _printf_char.o(.text)
    _printf_lcs_common                       0x080011c5   Thumb Code    20  _printf_wchar.o(.text)
    _printf_wchar                            0x080011d9   Thumb Code    16  _printf_wchar.o(.text)
    _printf_wstring                          0x080011e9   Thumb Code     8  _printf_wchar.o(.text)
    ferror                                   0x080011f1   Thumb Code     8  ferror.o(.text)
    _c16rtomb                                0x080011f9   Thumb Code    72  _c16rtomb.o(.text)
    _wcrtomb                                 0x080011f9   Thumb Code     0  _c16rtomb.o(.text)
    __user_setup_stackheap                   0x08001241   Thumb Code    74  sys_stackheap_outer.o(.text)
    __rt_ctype_table                         0x0800128d   Thumb Code    16  rt_ctype_table.o(.text)
    __rt_locale                              0x0800129d   Thumb Code     8  rt_locale_intlibspace.o(.text)
    _printf_fp_infnan                        0x080012a5   Thumb Code   112  _printf_fp_infnan.o(.text)
    _btod_etento                             0x08001325   Thumb Code   224  bigflt0.o(.text)
    exit                                     0x08001409   Thumb Code    18  exit.o(.text)
    __user_libspace                          0x0800141d   Thumb Code     8  libspace.o(.text)
    __user_perproc_libspace                  0x0800141d   Thumb Code     0  libspace.o(.text)
    __user_perthread_libspace                0x0800141d   Thumb Code     0  libspace.o(.text)
    strcmp                                   0x08001429   Thumb Code   124  strcmpv7em.o(.text)
    _sys_exit                                0x080014a5   Thumb Code     8  sys_exit.o(.text)
    __I$use$semihosting                      0x080014b1   Thumb Code     0  use_no_semi.o(.text)
    __use_no_semihosting_swi                 0x080014b1   Thumb Code     2  use_no_semi.o(.text)
    __semihosting_library_function           0x080014b3   Thumb Code     0  indicate_semi.o(.text)
    CRC_CalcBlockCRC                         0x080014b5   Thumb Code    64  crc.o(.text.CRC_CalcBlockCRC)
    CRC_Init                                 0x080014f5   Thumb Code    50  crc.o(.text.CRC_Init)
    LED_Init                                 0x08001529   Thumb Code    66  led.o(.text.LED_Init)
    LED_Off                                  0x0800156d   Thumb Code    16  led.o(.text.LED_Off)
    LED_Toggle                               0x0800157d   Thumb Code    16  led.o(.text.LED_Toggle)
    SysTick_Handler                          0x0800158d   Thumb Code    16  systimer.o(.text.SysTick_Handler)
    SysTick_Init                             0x0800159d   Thumb Code    54  systimer.o(.text.SysTick_Init)
    System_Clock_Init                        0x080015d5   Thumb Code   466  sysclock.o(.text.System_Clock_Init)
    UART2_GPIO_Init                          0x080017a9   Thumb Code   184  uart.o(.text.UART2_GPIO_Init)
    UART2_Init                               0x08001861   Thumb Code    34  uart.o(.text.UART2_Init)
    USART_Delay                              0x08001885   Thumb Code    50  uart.o(.text.USART_Delay)
    USART_Init                               0x080018b9   Thumb Code    86  uart.o(.text.USART_Init)
    USART_Write                              0x08001911   Thumb Code   100  uart.o(.text.USART_Write)
    delay                                    0x080019e9   Thumb Code    98  systimer.o(.text.delay)
    endTimer                                 0x08001a4d   Thumb Code    78  systimer.o(.text.endTimer)
    fputc                                    0x08001a9d   Thumb Code    38  uart_printf.o(.text.fputc)
    main                                     0x08001ac5   Thumb Code   162  main.o(.text.main)
    startTimer                               0x08001b69   Thumb Code    54  systimer.o(.text.startTimer)
    _btod_d2e                                0x08001b9f   Thumb Code    62  btod.o(CL$$btod_d2e)
    _d2e_denorm_low                          0x08001bdd   Thumb Code    70  btod.o(CL$$btod_d2e_denorm_low)
    _d2e_norm_op1                            0x08001c23   Thumb Code    96  btod.o(CL$$btod_d2e_norm_op1)
    __btod_div_common                        0x08001c85   Thumb Code   696  btod.o(CL$$btod_div_common)
    _e2e                                     0x08001fbd   Thumb Code   220  btod.o(CL$$btod_e2e)
    _btod_ediv                               0x08002099   Thumb Code    42  btod.o(CL$$btod_ediv)
    _btod_emul                               0x080020c3   Thumb Code    42  btod.o(CL$$btod_emul)
    __btod_mult_common                       0x080020ed   Thumb Code   580  btod.o(CL$$btod_mult_common)
    __ARM_fpclassify                         0x08002331   Thumb Code    48  fpclassify.o(i.__ARM_fpclassify)
    _is_digit                                0x08002361   Thumb Code    14  __printf_wp.o(i._is_digit)
    _get_lc_numeric                          0x08002371   Thumb Code    44  lc_numeric_c.o(locale$$code)
    _get_lc_ctype                            0x0800239d   Thumb Code    44  lc_ctype_c.o(locale$$code)
    __aeabi_ui2d                             0x080023c9   Thumb Code     0  dflt_clz.o(x$fpl$dfltu)
    _dfltu                                   0x080023c9   Thumb Code    38  dflt_clz.o(x$fpl$dfltu)
    _fp_init                                 0x080023ef   Thumb Code    26  fpinit.o(x$fpl$fpinit)
    __fplib_config_fpu_vfp                   0x08002407   Thumb Code     0  fpinit.o(x$fpl$fpinit)
    __fplib_config_pureend_doubles           0x08002407   Thumb Code     0  fpinit.o(x$fpl$fpinit)
    _printf_fp_dec                           0x08002409   Thumb Code     4  printf1.o(x$fpl$printf1)
    _printf_fp_hex                           0x0800240d   Thumb Code     4  printf2.o(x$fpl$printf2)
    __I$use$fp                               0x08002410   Number         0  usenofp.o(x$fpl$usenofp)
    DataBuffer                               0x0800250c   Data        2048  data.o(.rodata.DataBuffer)
    Region$$Table$$Base                      0x08002d28   Number         0  anon$$obj.o(Region$$Table)
    Region$$Table$$Limit                     0x08002d48   Number         0  anon$$obj.o(Region$$Table)
    __ctype                                  0x08002d71   Data           0  lc_ctype_c.o(locale$$data)
    Image$$ER_IROM1$$RO$$Limit               0x08002e74   Number         0  anon$$obj.o ABSOLUTE
    Image$$ER_IROM1$$RW$$Base                0x08002e74   Number         0  anon$$obj.o ABSOLUTE
    Image$$ER_IROM1$$RW$$Limit               0x08002e74   Number         0  anon$$obj.o ABSOLUTE
    Image$$ER_IROM1$$ZI$$Base                0x08002e74   Number         0  anon$$obj.o ABSOLUTE
    Image$$ER_IROM1$$ZI$$Limit               0x08002e74   Number         0  anon$$obj.o ABSOLUTE
    Load$$RW_IRAM1$$Base                     0x08002e78   Number         0  anon$$obj.o ABSOLUTE
    Image$$RW_IRAM1$$Base                    0x20000000   Number         0  anon$$obj.o ABSOLUTE
    Image$$RW_IRAM1$$RO$$Base                0x20000000   Number         0  anon$$obj.o ABSOLUTE
    Image$$RW_IRAM1$$RW$$Base                0x20000000   Number         0  anon$$obj.o ABSOLUTE
    Image$$RW_IRAM1$$Limit                   0x20000008   Number         0  anon$$obj.o ABSOLUTE
    Image$$RW_IRAM1$$RW$$Limit               0x20000008   Number         0  anon$$obj.o ABSOLUTE
    Image$$RW_IRAM1$$ZI$$Base                0x20000008   Number         0  anon$$obj.o ABSOLUTE
    __libspace_start                         0x20000008   Data          96  libspace.o(.bss)
    __stdout                                 0x20000068   Data          84  uart_printf.o(.bss.__stdout)
    __temporary_stack_top$libspace           0x20000068   Data           0  libspace.o(.bss)
    Image$$RW_IRAM1$$ZI$$Limit               0x200006c8   Number         0  anon$$obj.o ABSOLUTE



==============================================================================

Memory Map of the image

  Image Entry point : 0x08000189

  Load Region LR_IROM1 (Base: 0x08000000, Size: 0x00002e80, Max: 0x00100000, ABSOLUTE)

    Execution Region ER_IROM1 (Exec base: 0x08000000, Load base: 0x08000000, Size: 0x00002e74, Max: 0x00100000, ABSOLUTE)

    Exec Addr    Load Addr    Size         Type   Attr      Idx    E Section Name        Object

    0x08000000   0x08000000   0x00000188   Data   RO           15    RESET               startup_stm32l476xx.o
    0x08000188   0x08000188   0x00000008   Code   RO          126  * !!!main             c_w.l(__main.o)
    0x08000190   0x08000190   0x0000005c   Code   RO          473    !!!scatter          c_w.l(__scatter.o)
    0x080001ec   0x080001ec   0x0000001a   Code   RO          477    !!handler_copy      c_w.l(__scatter_copy.o)
    0x08000206   0x08000206   0x00000002   PAD
    0x08000208   0x08000208   0x00000002   Code   RO          474    !!handler_null      c_w.l(__scatter.o)
    0x0800020a   0x0800020a   0x00000002   PAD
    0x0800020c   0x0800020c   0x0000001c   Code   RO          479    !!handler_zi        c_w.l(__scatter_zi.o)
    0x08000228   0x08000228   0x00000000   Code   RO          214    .ARM.Collect$$_printf_percent$$00000000  c_w.l(_printf_percent.o)
    0x08000228   0x08000228   0x00000006   Code   RO          203    .ARM.Collect$$_printf_percent$$00000001  c_w.l(_printf_n.o)
    0x0800022e   0x0800022e   0x00000006   Code   RO          205    .ARM.Collect$$_printf_percent$$00000002  c_w.l(_printf_p.o)
    0x08000234   0x08000234   0x00000006   Code   RO          210    .ARM.Collect$$_printf_percent$$00000003  c_w.l(_printf_f.o)
    0x0800023a   0x0800023a   0x00000006   Code   RO          211    .ARM.Collect$$_printf_percent$$00000004  c_w.l(_printf_e.o)
    0x08000240   0x08000240   0x00000006   Code   RO          212    .ARM.Collect$$_printf_percent$$00000005  c_w.l(_printf_g.o)
    0x08000246   0x08000246   0x00000006   Code   RO          213    .ARM.Collect$$_printf_percent$$00000006  c_w.l(_printf_a.o)
    0x0800024c   0x0800024c   0x0000000a   Code   RO          218    .ARM.Collect$$_printf_percent$$00000007  c_w.l(_printf_ll.o)
    0x08000256   0x08000256   0x00000006   Code   RO          207    .ARM.Collect$$_printf_percent$$00000008  c_w.l(_printf_i.o)
    0x0800025c   0x0800025c   0x00000006   Code   RO          208    .ARM.Collect$$_printf_percent$$00000009  c_w.l(_printf_d.o)
    0x08000262   0x08000262   0x00000006   Code   RO          209    .ARM.Collect$$_printf_percent$$0000000A  c_w.l(_printf_u.o)
    0x08000268   0x08000268   0x00000006   Code   RO          206    .ARM.Collect$$_printf_percent$$0000000B  c_w.l(_printf_o.o)
    0x0800026e   0x0800026e   0x00000006   Code   RO          204    .ARM.Collect$$_printf_percent$$0000000C  c_w.l(_printf_x.o)
    0x08000274   0x08000274   0x00000006   Code   RO          215    .ARM.Collect$$_printf_percent$$0000000D  c_w.l(_printf_lli.o)
    0x0800027a   0x0800027a   0x00000006   Code   RO          216    .ARM.Collect$$_printf_percent$$0000000E  c_w.l(_printf_lld.o)
    0x08000280   0x08000280   0x00000006   Code   RO          217    .ARM.Collect$$_printf_percent$$0000000F  c_w.l(_printf_llu.o)
    0x08000286   0x08000286   0x00000006   Code   RO          222    .ARM.Collect$$_printf_percent$$00000010  c_w.l(_printf_llo.o)
    0x0800028c   0x0800028c   0x00000006   Code   RO          223    .ARM.Collect$$_printf_percent$$00000011  c_w.l(_printf_llx.o)
    0x08000292   0x08000292   0x0000000a   Code   RO          219    .ARM.Collect$$_printf_percent$$00000012  c_w.l(_printf_l.o)
    0x0800029c   0x0800029c   0x00000006   Code   RO          201    .ARM.Collect$$_printf_percent$$00000013  c_w.l(_printf_c.o)
    0x080002a2   0x080002a2   0x00000006   Code   RO          202    .ARM.Collect$$_printf_percent$$00000014  c_w.l(_printf_s.o)
    0x080002a8   0x080002a8   0x00000006   Code   RO          220    .ARM.Collect$$_printf_percent$$00000015  c_w.l(_printf_lc.o)
    0x080002ae   0x080002ae   0x00000006   Code   RO          221    .ARM.Collect$$_printf_percent$$00000016  c_w.l(_printf_ls.o)
    0x080002b4   0x080002b4   0x00000004   Code   RO          265    .ARM.Collect$$_printf_percent$$00000017  c_w.l(_printf_percent_end.o)
    0x080002b8   0x080002b8   0x00000002   Code   RO          322    .ARM.Collect$$libinit$$00000000  c_w.l(libinit.o)
    0x080002ba   0x080002ba   0x00000004   Code   RO          339    .ARM.Collect$$libinit$$00000001  c_w.l(libinit2.o)
    0x080002be   0x080002be   0x00000000   Code   RO          342    .ARM.Collect$$libinit$$00000004  c_w.l(libinit2.o)
    0x080002be   0x080002be   0x00000000   Code   RO          344    .ARM.Collect$$libinit$$00000006  c_w.l(libinit2.o)
    0x080002be   0x080002be   0x00000000   Code   RO          347    .ARM.Collect$$libinit$$0000000C  c_w.l(libinit2.o)
    0x080002be   0x080002be   0x00000000   Code   RO          349    .ARM.Collect$$libinit$$0000000E  c_w.l(libinit2.o)
    0x080002be   0x080002be   0x00000000   Code   RO          351    .ARM.Collect$$libinit$$00000010  c_w.l(libinit2.o)
    0x080002be   0x080002be   0x00000006   Code   RO          352    .ARM.Collect$$libinit$$00000011  c_w.l(libinit2.o)
    0x080002c4   0x080002c4   0x00000000   Code   RO          354    .ARM.Collect$$libinit$$00000013  c_w.l(libinit2.o)
    0x080002c4   0x080002c4   0x0000000c   Code   RO          355    .ARM.Collect$$libinit$$00000014  c_w.l(libinit2.o)
    0x080002d0   0x080002d0   0x00000000   Code   RO          356    .ARM.Collect$$libinit$$00000015  c_w.l(libinit2.o)
    0x080002d0   0x080002d0   0x00000000   Code   RO          358    .ARM.Collect$$libinit$$00000017  c_w.l(libinit2.o)
    0x080002d0   0x080002d0   0x0000000a   Code   RO          359    .ARM.Collect$$libinit$$00000018  c_w.l(libinit2.o)
    0x080002da   0x080002da   0x00000000   Code   RO          360    .ARM.Collect$$libinit$$00000019  c_w.l(libinit2.o)
    0x080002da   0x080002da   0x00000000   Code   RO          362    .ARM.Collect$$libinit$$0000001B  c_w.l(libinit2.o)
    0x080002da   0x080002da   0x00000000   Code   RO          364    .ARM.Collect$$libinit$$0000001D  c_w.l(libinit2.o)
    0x080002da   0x080002da   0x00000000   Code   RO          366    .ARM.Collect$$libinit$$0000001F  c_w.l(libinit2.o)
    0x080002da   0x080002da   0x00000000   Code   RO          368    .ARM.Collect$$libinit$$00000021  c_w.l(libinit2.o)
    0x080002da   0x080002da   0x00000000   Code   RO          370    .ARM.Collect$$libinit$$00000023  c_w.l(libinit2.o)
    0x080002da   0x080002da   0x00000000   Code   RO          372    .ARM.Collect$$libinit$$00000025  c_w.l(libinit2.o)
    0x080002da   0x080002da   0x00000000   Code   RO          374    .ARM.Collect$$libinit$$00000027  c_w.l(libinit2.o)
    0x080002da   0x080002da   0x00000000   Code   RO          378    .ARM.Collect$$libinit$$0000002E  c_w.l(libinit2.o)
    0x080002da   0x080002da   0x00000000   Code   RO          380    .ARM.Collect$$libinit$$00000030  c_w.l(libinit2.o)
    0x080002da   0x080002da   0x00000000   Code   RO          382    .ARM.Collect$$libinit$$00000032  c_w.l(libinit2.o)
    0x080002da   0x080002da   0x00000000   Code   RO          384    .ARM.Collect$$libinit$$00000034  c_w.l(libinit2.o)
    0x080002da   0x080002da   0x00000002   Code   RO          385    .ARM.Collect$$libinit$$00000035  c_w.l(libinit2.o)
    0x080002dc   0x080002dc   0x00000002   Code   RO          409    .ARM.Collect$$libshutdown$$00000000  c_w.l(libshutdown.o)
    0x080002de   0x080002de   0x00000000   Code   RO          424    .ARM.Collect$$libshutdown$$00000002  c_w.l(libshutdown2.o)
    0x080002de   0x080002de   0x00000000   Code   RO          426    .ARM.Collect$$libshutdown$$00000004  c_w.l(libshutdown2.o)
    0x080002de   0x080002de   0x00000000   Code   RO          429    .ARM.Collect$$libshutdown$$00000007  c_w.l(libshutdown2.o)
    0x080002de   0x080002de   0x00000000   Code   RO          432    .ARM.Collect$$libshutdown$$0000000A  c_w.l(libshutdown2.o)
    0x080002de   0x080002de   0x00000000   Code   RO          434    .ARM.Collect$$libshutdown$$0000000C  c_w.l(libshutdown2.o)
    0x080002de   0x080002de   0x00000000   Code   RO          437    .ARM.Collect$$libshutdown$$0000000F  c_w.l(libshutdown2.o)
    0x080002de   0x080002de   0x00000002   Code   RO          438    .ARM.Collect$$libshutdown$$00000010  c_w.l(libshutdown2.o)
    0x080002e0   0x080002e0   0x00000000   Code   RO          134    .ARM.Collect$$rtentry$$00000000  c_w.l(__rtentry.o)
    0x080002e0   0x080002e0   0x00000000   Code   RO          234    .ARM.Collect$$rtentry$$00000002  c_w.l(__rtentry2.o)
    0x080002e0   0x080002e0   0x00000006   Code   RO          246    .ARM.Collect$$rtentry$$00000004  c_w.l(__rtentry4.o)
    0x080002e6   0x080002e6   0x00000000   Code   RO          236    .ARM.Collect$$rtentry$$00000009  c_w.l(__rtentry2.o)
    0x080002e6   0x080002e6   0x00000004   Code   RO          237    .ARM.Collect$$rtentry$$0000000A  c_w.l(__rtentry2.o)
    0x080002ea   0x080002ea   0x00000000   Code   RO          239    .ARM.Collect$$rtentry$$0000000C  c_w.l(__rtentry2.o)
    0x080002ea   0x080002ea   0x00000008   Code   RO          240    .ARM.Collect$$rtentry$$0000000D  c_w.l(__rtentry2.o)
    0x080002f2   0x080002f2   0x00000002   Code   RO          330    .ARM.Collect$$rtexit$$00000000  c_w.l(rtexit.o)
    0x080002f4   0x080002f4   0x00000000   Code   RO          387    .ARM.Collect$$rtexit$$00000002  c_w.l(rtexit2.o)
    0x080002f4   0x080002f4   0x00000004   Code   RO          388    .ARM.Collect$$rtexit$$00000003  c_w.l(rtexit2.o)
    0x080002f8   0x080002f8   0x00000006   Code   RO          389    .ARM.Collect$$rtexit$$00000004  c_w.l(rtexit2.o)
    0x080002fe   0x080002fe   0x00000002   PAD
    0x08000300   0x08000300   0x0000008c   Code   RO           16    .text               startup_stm32l476xx.o
    0x0800038c   0x0800038c   0x00000018   Code   RO          122    .text               c_w.l(printf.o)
    0x080003a4   0x080003a4   0x00000006   Code   RO          124    .text               c_w.l(heapauxi.o)
    0x080003aa   0x080003aa   0x0000004e   Code   RO          137    .text               c_w.l(_printf_pad.o)
    0x080003f8   0x080003f8   0x00000024   Code   RO          139    .text               c_w.l(_printf_truncate.o)
    0x0800041c   0x0800041c   0x00000052   Code   RO          141    .text               c_w.l(_printf_str.o)
    0x0800046e   0x0800046e   0x00000002   PAD
    0x08000470   0x08000470   0x00000078   Code   RO          143    .text               c_w.l(_printf_dec.o)
    0x080004e8   0x080004e8   0x00000028   Code   RO          145    .text               c_w.l(_printf_charcount.o)
    0x08000510   0x08000510   0x00000024   Code   RO          147    .text               c_w.l(_printf_char_file.o)
    0x08000534   0x08000534   0x000000c2   Code   RO          149    .text               c_w.l(_printf_wctomb.o)
    0x080005f6   0x080005f6   0x00000002   PAD
    0x080005f8   0x080005f8   0x0000007c   Code   RO          152    .text               c_w.l(_printf_longlong_dec.o)
    0x08000674   0x08000674   0x00000070   Code   RO          158    .text               c_w.l(_printf_oct_int_ll.o)
    0x080006e4   0x080006e4   0x00000094   Code   RO          178    .text               c_w.l(_printf_hex_int_ll_ptr.o)
    0x08000778   0x08000778   0x0000018e   Code   RO          198    .text               c_w.l(__printf_flags_ss_wp.o)
    0x08000906   0x08000906   0x0000008a   Code   RO          248    .text               c_w.l(lludiv10.o)
    0x08000990   0x08000990   0x000000b2   Code   RO          250    .text               c_w.l(_printf_intcommon.o)
    0x08000a42   0x08000a42   0x00000422   Code   RO          252    .text               c_w.l(_printf_fp_dec.o)
    0x08000e64   0x08000e64   0x00000302   Code   RO          256    .text               c_w.l(_printf_fp_hex.o)
    0x08001166   0x08001166   0x00000002   PAD
    0x08001168   0x08001168   0x00000030   Code   RO          259    .text               c_w.l(_printf_char_common.o)
    0x08001198   0x08001198   0x0000002c   Code   RO          261    .text               c_w.l(_printf_char.o)
    0x080011c4   0x080011c4   0x0000002c   Code   RO          263    .text               c_w.l(_printf_wchar.o)
    0x080011f0   0x080011f0   0x00000008   Code   RO          266    .text               c_w.l(ferror.o)
    0x080011f8   0x080011f8   0x00000048   Code   RO          270    .text               c_w.l(_c16rtomb.o)
    0x08001240   0x08001240   0x0000004a   Code   RO          272    .text               c_w.l(sys_stackheap_outer.o)
    0x0800128a   0x0800128a   0x00000002   PAD
    0x0800128c   0x0800128c   0x00000010   Code   RO          274    .text               c_w.l(rt_ctype_table.o)
    0x0800129c   0x0800129c   0x00000008   Code   RO          279    .text               c_w.l(rt_locale_intlibspace.o)
    0x080012a4   0x080012a4   0x00000080   Code   RO          281    .text               c_w.l(_printf_fp_infnan.o)
    0x08001324   0x08001324   0x000000e4   Code   RO          285    .text               c_w.l(bigflt0.o)
    0x08001408   0x08001408   0x00000012   Code   RO          315    .text               c_w.l(exit.o)
    0x0800141a   0x0800141a   0x00000002   PAD
    0x0800141c   0x0800141c   0x00000008   Code   RO          327    .text               c_w.l(libspace.o)
    0x08001424   0x08001424   0x00000004   PAD
    0x08001428   0x08001428   0x0000007c   Code   RO          337    .text               c_w.l(strcmpv7em.o)
    0x080014a4   0x080014a4   0x0000000c   Code   RO          399    .text               c_w.l(sys_exit.o)
    0x080014b0   0x080014b0   0x00000002   Code   RO          414    .text               c_w.l(use_no_semi.o)
    0x080014b2   0x080014b2   0x00000000   Code   RO          416    .text               c_w.l(indicate_semi.o)
    0x080014b2   0x080014b2   0x00000002   PAD
    0x080014b4   0x080014b4   0x00000040   Code   RO           68    .text.CRC_CalcBlockCRC  crc.o
    0x080014f4   0x080014f4   0x00000032   Code   RO           70    .text.CRC_Init      crc.o
    0x08001526   0x08001526   0x00000002   PAD
    0x08001528   0x08001528   0x00000042   Code   RO           23    .text.LED_Init      led.o
    0x0800156a   0x0800156a   0x00000002   PAD
    0x0800156c   0x0800156c   0x00000010   Code   RO           27    .text.LED_Off       led.o
    0x0800157c   0x0800157c   0x00000010   Code   RO           29    .text.LED_Toggle    led.o
    0x0800158c   0x0800158c   0x00000010   Code   RO           52    .text.SysTick_Handler  systimer.o
    0x0800159c   0x0800159c   0x00000036   Code   RO           46    .text.SysTick_Init  systimer.o
    0x080015d2   0x080015d2   0x00000002   PAD
    0x080015d4   0x080015d4   0x000001d2   Code   RO           38    .text.System_Clock_Init  sysclock.o
    0x080017a6   0x080017a6   0x00000002   PAD
    0x080017a8   0x080017a8   0x000000b8   Code   RO           91    .text.UART2_GPIO_Init  uart.o
    0x08001860   0x08001860   0x00000022   Code   RO           87    .text.UART2_Init    uart.o
    0x08001882   0x08001882   0x00000002   PAD
    0x08001884   0x08001884   0x00000032   Code   RO           99    .text.USART_Delay   uart.o
    0x080018b6   0x080018b6   0x00000002   PAD
    0x080018b8   0x080018b8   0x00000056   Code   RO           93    .text.USART_Init    uart.o
    0x0800190e   0x0800190e   0x00000002   PAD
    0x08001910   0x08001910   0x00000064   Code   RO           97    .text.USART_Write   uart.o
    0x08001974   0x08001974   0x00000030   Code   RO           48    .text.__NVIC_EnableIRQ  systimer.o
    0x080019a4   0x080019a4   0x00000042   Code   RO           50    .text.__NVIC_SetPriority  systimer.o
    0x080019e6   0x080019e6   0x00000002   PAD
    0x080019e8   0x080019e8   0x00000062   Code   RO           54    .text.delay         systimer.o
    0x08001a4a   0x08001a4a   0x00000002   PAD
    0x08001a4c   0x08001a4c   0x0000004e   Code   RO           58    .text.endTimer      systimer.o
    0x08001a9a   0x08001a9a   0x00000002   PAD
    0x08001a9c   0x08001a9c   0x00000026   Code   RO          108    .text.fputc         uart_printf.o
    0x08001ac2   0x08001ac2   0x00000002   PAD
    0x08001ac4   0x08001ac4   0x000000a2   Code   RO            2    .text.main          main.o
    0x08001b66   0x08001b66   0x00000002   PAD
    0x08001b68   0x08001b68   0x00000036   Code   RO           56    .text.startTimer    systimer.o
    0x08001b9e   0x08001b9e   0x0000003e   Code   RO          288    CL$$btod_d2e        c_w.l(btod.o)
    0x08001bdc   0x08001bdc   0x00000046   Code   RO          290    CL$$btod_d2e_denorm_low  c_w.l(btod.o)
    0x08001c22   0x08001c22   0x00000060   Code   RO          289    CL$$btod_d2e_norm_op1  c_w.l(btod.o)
    0x08001c82   0x08001c82   0x00000002   PAD
    0x08001c84   0x08001c84   0x00000338   Code   RO          298    CL$$btod_div_common  c_w.l(btod.o)
    0x08001fbc   0x08001fbc   0x000000dc   Code   RO          295    CL$$btod_e2e        c_w.l(btod.o)
    0x08002098   0x08002098   0x0000002a   Code   RO          292    CL$$btod_ediv       c_w.l(btod.o)
    0x080020c2   0x080020c2   0x0000002a   Code   RO          291    CL$$btod_emul       c_w.l(btod.o)
    0x080020ec   0x080020ec   0x00000244   Code   RO          297    CL$$btod_mult_common  c_w.l(btod.o)
    0x08002330   0x08002330   0x00000030   Code   RO          325    i.__ARM_fpclassify  m_wm.l(fpclassify.o)
    0x08002360   0x08002360   0x0000000e   Code   RO          191    i._is_digit         c_w.l(__printf_wp.o)
    0x0800236e   0x0800236e   0x00000002   PAD
    0x08002370   0x08002370   0x0000002c   Code   RO          313    locale$$code        c_w.l(lc_numeric_c.o)
    0x0800239c   0x0800239c   0x0000002c   Code   RO          335    locale$$code        c_w.l(lc_ctype_c.o)
    0x080023c8   0x080023c8   0x00000026   Code   RO          128    x$fpl$dfltu         fz_wm.l(dflt_clz.o)
    0x080023ee   0x080023ee   0x0000001a   Code   RO          397    x$fpl$fpinit        fz_wm.l(fpinit.o)
    0x08002408   0x08002408   0x00000004   Code   RO          224    x$fpl$printf1       fz_wm.l(printf1.o)
    0x0800240c   0x0800240c   0x00000004   Code   RO          226    x$fpl$printf2       fz_wm.l(printf2.o)
    0x08002410   0x08002410   0x00000000   Code   RO          232    x$fpl$usenofp       fz_wm.l(usenofp.o)
    0x08002410   0x08002410   0x00000008   Data   RO          150    .constdata          c_w.l(_printf_wctomb.o)
    0x08002418   0x08002418   0x00000028   Data   RO          179    .constdata          c_w.l(_printf_hex_int_ll_ptr.o)
    0x08002440   0x08002440   0x00000011   Data   RO          199    .constdata          c_w.l(__printf_flags_ss_wp.o)
    0x08002451   0x08002451   0x00000026   Data   RO          257    .constdata          c_w.l(_printf_fp_hex.o)
    0x08002477   0x08002477   0x00000001   PAD
    0x08002478   0x08002478   0x00000094   Data   RO          286    .constdata          c_w.l(bigflt0.o)
    0x0800250c   0x0800250c   0x00000800   Data   RO           79    .rodata.DataBuffer  data.o
    0x08002d0c   0x08002d0c   0x0000001b   Data   RO            6    .rodata.str1.1      main.o
    0x08002d27   0x08002d27   0x00000001   PAD
    0x08002d28   0x08002d28   0x00000020   Data   RO          472    Region$$Table       anon$$obj.o
    0x08002d48   0x08002d48   0x0000001c   Data   RO          312    locale$$data        c_w.l(lc_numeric_c.o)
    0x08002d64   0x08002d64   0x00000110   Data   RO          334    locale$$data        c_w.l(lc_ctype_c.o)


    Execution Region RW_IRAM1 (Exec base: 0x20000000, Load base: 0x08002e78, Size: 0x000006c8, Max: 0x00018000, ABSOLUTE)

    Exec Addr    Load Addr    Size         Type   Attr      Idx    E Section Name        Object

    0x20000000   0x08002e78   0x00000004   Data   RW            5    .data.uwExpectedCRCValue  main.o
    0x20000004   0x08002e7c   0x00000004   PAD
    0x20000008        -       0x00000060   Zero   RW          328    .bss                c_w.l(libspace.o)
    0x20000068        -       0x00000054   Zero   RW          112    .bss.__stdout       uart_printf.o
    0x200000bc        -       0x00000004   Zero   RW            4    .bss.main.ComputedCRC  main.o
    0x200000c0        -       0x00000004   Zero   RW           60    .bss.step           systimer.o
    0x200000c4   0x08002e7c   0x00000004   PAD
    0x200000c8        -       0x00000200   Zero   RW           14    HEAP                startup_stm32l476xx.o
    0x200002c8        -       0x00000400   Zero   RW           13    STACK               startup_stm32l476xx.o


==============================================================================

Image component sizes


      Code (inc. data)   RO Data    RW Data    ZI Data      Debug   Object Name

       114          0          0          0          0       1942   crc.o
         0          0       2048          0          0        458   data.o
        98          0          0          0          0       1929   led.o
       162          0         27          4          4       1198   main.o
       140         48        392          0       1536        880   startup_stm32l476xx.o
       466          0          0          0          0       2097   sysclock.o
       414          0          0          0          4       4515   systimer.o
       454          0          0          0          0       3076   uart.o
        38          0          0          0         84       1548   uart_printf.o

    ----------------------------------------------------------------------
      1910         48       2500          4       1636      17643   Object Totals
         0          0         32          0          0          0   (incl. Generated)
        24          0          1          0          8          0   (incl. Padding)

    ----------------------------------------------------------------------

      Code (inc. data)   RO Data    RW Data    ZI Data      Debug   Library Member Name

         8          0          0          0          0         68   __main.o
       398          4         17          0          0         92   __printf_flags_ss_wp.o
        14          0          0          0          0         68   __printf_wp.o
         0          0          0          0          0          0   __rtentry.o
        12          0          0          0          0          0   __rtentry2.o
         6          0          0          0          0          0   __rtentry4.o
        94          8          0          0          0          0   __scatter.o
        26          0          0          0          0          0   __scatter_copy.o
        28          0          0          0          0          0   __scatter_zi.o
        72          0          0          0          0         96   _c16rtomb.o
         6          0          0          0          0          0   _printf_a.o
         6          0          0          0          0          0   _printf_c.o
        44          0          0          0          0        108   _printf_char.o
        48          6          0          0          0         96   _printf_char_common.o
        36          4          0          0          0         80   _printf_char_file.o
        40          0          0          0          0         68   _printf_charcount.o
         6          0          0          0          0          0   _printf_d.o
       120         16          0          0          0         92   _printf_dec.o
         6          0          0          0          0          0   _printf_e.o
         6          0          0          0          0          0   _printf_f.o
      1058          0          0          0          0        148   _printf_fp_dec.o
       770          8         38          0          0        100   _printf_fp_hex.o
       128         16          0          0          0         84   _printf_fp_infnan.o
         6          0          0          0          0          0   _printf_g.o
       148          4         40          0          0        160   _printf_hex_int_ll_ptr.o
         6          0          0          0          0          0   _printf_i.o
       178          0          0          0          0         88   _printf_intcommon.o
        10          0          0          0          0          0   _printf_l.o
         6          0          0          0          0          0   _printf_lc.o
        10          0          0          0          0          0   _printf_ll.o
         6          0          0          0          0          0   _printf_lld.o
         6          0          0          0          0          0   _printf_lli.o
         6          0          0          0          0          0   _printf_llo.o
         6          0          0          0          0          0   _printf_llu.o
         6          0          0          0          0          0   _printf_llx.o
       124         16          0          0          0         92   _printf_longlong_dec.o
         6          0          0          0          0          0   _printf_ls.o
         6          0          0          0          0          0   _printf_n.o
         6          0          0          0          0          0   _printf_o.o
       112          8          0          0          0        124   _printf_oct_int_ll.o
         6          0          0          0          0          0   _printf_p.o
        78          0          0          0          0        108   _printf_pad.o
         0          0          0          0          0          0   _printf_percent.o
         4          0          0          0          0          0   _printf_percent_end.o
         6          0          0          0          0          0   _printf_s.o
        82          0          0          0          0         80   _printf_str.o
        36          0          0          0          0         84   _printf_truncate.o
         6          0          0          0          0          0   _printf_u.o
        44          0          0          0          0        108   _printf_wchar.o
       194          6          8          0          0         92   _printf_wctomb.o
         6          0          0          0          0          0   _printf_x.o
       228          4        148          0          0         96   bigflt0.o
      1936        128          0          0          0        668   btod.o
        18          0          0          0          0         80   exit.o
         8          0          0          0          0         68   ferror.o
         6          0          0          0          0        152   heapauxi.o
         0          0          0          0          0          0   indicate_semi.o
        44         10        272          0          0         76   lc_ctype_c.o
        44         10         28          0          0         76   lc_numeric_c.o
         2          0          0          0          0          0   libinit.o
        34          0          0          0          0          0   libinit2.o
         2          0          0          0          0          0   libshutdown.o
         2          0          0          0          0          0   libshutdown2.o
         8          4          0          0         96         68   libspace.o
       138          0          0          0          0         80   lludiv10.o
        24          4          0          0          0         84   printf.o
        16          4          0          0          0         76   rt_ctype_table.o
         8          4          0          0          0         68   rt_locale_intlibspace.o
         2          0          0          0          0          0   rtexit.o
        10          0          0          0          0          0   rtexit2.o
       124          0          0          0          0         88   strcmpv7em.o
        12          4          0          0          0         68   sys_exit.o
        74          0          0          0          0         80   sys_stackheap_outer.o
         2          0          0          0          0         68   use_no_semi.o
        38          0          0          0          0        116   dflt_clz.o
        26          0          0          0          0        116   fpinit.o
         4          0          0          0          0        116   printf1.o
         4          0          0          0          0        116   printf2.o
         0          0          0          0          0          0   usenofp.o
        48          0          0          0          0        124   fpclassify.o

    ----------------------------------------------------------------------
      6930        272        552          0         96       4520   Library Totals
        26          4          1          0          0          0   (incl. Padding)

    ----------------------------------------------------------------------

      Code (inc. data)   RO Data    RW Data    ZI Data      Debug   Library Name

      6784        268        551          0         96       3932   c_w.l
        72          0          0          0          0        464   fz_wm.l
        48          0          0          0          0        124   m_wm.l

    ----------------------------------------------------------------------
      6930        272        552          0         96       4520   Library Totals

    ----------------------------------------------------------------------

==============================================================================


      Code (inc. data)   RO Data    RW Data    ZI Data      Debug   

      8840        320       3052          4       1732      19731   Grand Totals
      8840        320       3052          4       1732      19731   ELF Image Totals
      8840        320       3052          4          0          0   ROM Totals

==============================================================================

    Total RO  Size (Code + RO Data)                11892 (  11.61kB)
    Total RW  Size (RW Data + ZI Data)              1736 (   1.70kB)
    Total ROM Size (Code + RO Data + RW Data)      11896 (  11.62kB)

==============================================================================

